[2026-04-26T23:44:50.816+0000] {local_task_job_runner.py:120} INFO - ::group::Pre task execution logs
[2026-04-26T23:44:50.826+0000] {taskinstance.py:2076} INFO - Dependencies all met for dep_context=non-requeueable deps ti=<TaskInstance: steam_ingestion_dag.execute_python_script manual__2026-04-26T23:44:48.318933+00:00 [queued]>
[2026-04-26T23:44:50.830+0000] {taskinstance.py:2076} INFO - Dependencies all met for dep_context=requeueable deps ti=<TaskInstance: steam_ingestion_dag.execute_python_script manual__2026-04-26T23:44:48.318933+00:00 [queued]>
[2026-04-26T23:44:50.830+0000] {taskinstance.py:2306} INFO - Starting attempt 1 of 4
[2026-04-26T23:44:50.835+0000] {taskinstance.py:2330} INFO - Executing <Task(BashOperator): execute_python_script> on 2026-04-26 23:44:48.318933+00:00
[2026-04-26T23:44:50.843+0000] {warnings.py:110} WARNING - /home/***/.local/lib/python3.12/site-packages/***/task/task_runner/standard_task_runner.py:61: DeprecationWarning: This process (pid=100) is multi-threaded, use of fork() may lead to deadlocks in the child.
  pid = os.fork()

[2026-04-26T23:44:50.844+0000] {standard_task_runner.py:63} INFO - Started process 102 to run task
[2026-04-26T23:44:50.844+0000] {standard_task_runner.py:90} INFO - Running: ['***', 'tasks', 'run', 'steam_ingestion_dag', 'execute_python_script', 'manual__2026-04-26T23:44:48.318933+00:00', '--job-id', '9', '--raw', '--subdir', 'DAGS_FOLDER/scripts/steam_ingestion_dag.py', '--cfg-path', '/tmp/tmpaji564mk']
[2026-04-26T23:44:50.845+0000] {standard_task_runner.py:91} INFO - Job 9: Subtask execute_python_script
[2026-04-26T23:44:50.871+0000] {task_command.py:426} INFO - Running <TaskInstance: steam_ingestion_dag.execute_python_script manual__2026-04-26T23:44:48.318933+00:00 [running]> on host 5b3a84c65ae1
[2026-04-26T23:44:50.919+0000] {taskinstance.py:2648} INFO - Exporting env vars: AIRFLOW_CTX_DAG_OWNER='***' AIRFLOW_CTX_DAG_ID='steam_ingestion_dag' AIRFLOW_CTX_TASK_ID='execute_python_script' AIRFLOW_CTX_EXECUTION_DATE='2026-04-26T23:44:48.318933+00:00' AIRFLOW_CTX_TRY_NUMBER='1' AIRFLOW_CTX_DAG_RUN_ID='manual__2026-04-26T23:44:48.318933+00:00'
[2026-04-26T23:44:50.920+0000] {taskinstance.py:430} INFO - ::endgroup::
[2026-04-26T23:44:50.920+0000] {subprocess.py:63} INFO - Tmp dir root location: /tmp
[2026-04-26T23:44:50.921+0000] {subprocess.py:75} INFO - Running command: ['/usr/bin/bash', '-c', 'cd /opt/*** && python dags/scripts/ingest_steam_data.py']
[2026-04-26T23:44:50.936+0000] {subprocess.py:86} INFO - Output:
[2026-04-26T23:44:51.912+0000] {subprocess.py:93} INFO - Traceback (most recent call last):
[2026-04-26T23:44:51.912+0000] {subprocess.py:93} INFO -   File "/opt/***/dags/scripts/ingest_steam_data.py", line 16, in <module>
[2026-04-26T23:44:51.912+0000] {subprocess.py:93} INFO -     blob_service_client = BlobServiceClient.from_connection_string(connect_str)
[2026-04-26T23:44:51.913+0000] {subprocess.py:93} INFO -                           ^^^^^^^^^^^^^^^^^^^^^^^^^^^^^^^^^^^^^^^^^^^^^^^^^^^^^
[2026-04-26T23:44:51.913+0000] {subprocess.py:93} INFO -   File "/home/***/.local/lib/python3.12/site-packages/azure/storage/blob/_blob_service_client.py", line 190, in from_connection_string
[2026-04-26T23:44:51.913+0000] {subprocess.py:93} INFO -     account_url, secondary, credential = parse_connection_str(conn_str, credential, 'blob')
[2026-04-26T23:44:51.913+0000] {subprocess.py:93} INFO -                                          ^^^^^^^^^^^^^^^^^^^^^^^^^^^^^^^^^^^^^^^^^^^^^^^^^^
[2026-04-26T23:44:51.913+0000] {subprocess.py:93} INFO -   File "/home/***/.local/lib/python3.12/site-packages/azure/storage/blob/_shared/base_client.py", line 368, in parse_connection_str
[2026-04-26T23:44:51.913+0000] {subprocess.py:93} INFO -     conn_str = conn_str.rstrip(";")
[2026-04-26T23:44:51.913+0000] {subprocess.py:93} INFO -                ^^^^^^^^^^^^^^^
[2026-04-26T23:44:51.913+0000] {subprocess.py:93} INFO - AttributeError: 'NoneType' object has no attribute 'rstrip'
[2026-04-26T23:44:52.041+0000] {subprocess.py:97} INFO - Command exited with return code 1
[2026-04-26T23:44:52.041+0000] {taskinstance.py:441} INFO - ::group::Post task execution logs
[2026-04-26T23:44:52.048+0000] {taskinstance.py:2905} ERROR - Task failed with exception
Traceback (most recent call last):
  File "/home/airflow/.local/lib/python3.12/site-packages/airflow/models/taskinstance.py", line 465, in _execute_task
    result = _execute_callable(context=context, **execute_callable_kwargs)
             ^^^^^^^^^^^^^^^^^^^^^^^^^^^^^^^^^^^^^^^^^^^^^^^^^^^^^^^^^^^^^
  File "/home/airflow/.local/lib/python3.12/site-packages/airflow/models/taskinstance.py", line 432, in _execute_callable
    return execute_callable(context=context, **execute_callable_kwargs)
           ^^^^^^^^^^^^^^^^^^^^^^^^^^^^^^^^^^^^^^^^^^^^^^^^^^^^^^^^^^^^
  File "/home/airflow/.local/lib/python3.12/site-packages/airflow/models/baseoperator.py", line 400, in wrapper
    return func(self, *args, **kwargs)
           ^^^^^^^^^^^^^^^^^^^^^^^^^^^
  File "/home/airflow/.local/lib/python3.12/site-packages/airflow/operators/bash.py", line 243, in execute
    raise AirflowException(
airflow.exceptions.AirflowException: Bash command failed. The command returned a non-zero exit code 1.
[2026-04-26T23:44:52.051+0000] {taskinstance.py:1206} INFO - Marking task as UP_FOR_RETRY. dag_id=steam_ingestion_dag, task_id=execute_python_script, run_id=manual__2026-04-26T23:44:48.318933+00:00, execution_date=20260426T234448, start_date=20260426T234450, end_date=20260426T234452
[2026-04-26T23:44:52.059+0000] {standard_task_runner.py:110} ERROR - Failed to execute job 9 for task execute_python_script (Bash command failed. The command returned a non-zero exit code 1.; 102)
[2026-04-26T23:44:52.099+0000] {local_task_job_runner.py:240} INFO - Task exited with return code 1
[2026-04-26T23:44:52.109+0000] {taskinstance.py:3498} INFO - 0 downstream tasks scheduled from follow-on schedule check
[2026-04-26T23:44:52.111+0000] {local_task_job_runner.py:222} INFO - ::endgroup::
