[2026-04-26T23:18:15.010+0000] {processor.py:161} INFO - Started process (PID=1207) to work on /opt/airflow/dags/scripts/steam_ingestion_dag.py
[2026-04-26T23:18:15.011+0000] {processor.py:830} INFO - Processing file /opt/airflow/dags/scripts/steam_ingestion_dag.py for tasks to queue
[2026-04-26T23:18:15.012+0000] {logging_mixin.py:188} INFO - [2026-04-26T23:18:15.012+0000] {dagbag.py:545} INFO - Filling up the DagBag from /opt/airflow/dags/scripts/steam_ingestion_dag.py
[2026-04-26T23:18:15.015+0000] {logging_mixin.py:188} INFO - [2026-04-26T23:18:15.014+0000] {dagbag.py:355} ERROR - Failed to import: /opt/airflow/dags/scripts/steam_ingestion_dag.py
Traceback (most recent call last):
  File "/home/airflow/.local/lib/python3.12/site-packages/airflow/models/dagbag.py", line 351, in parse
    loader.exec_module(new_module)
  File "<frozen importlib._bootstrap_external>", line 995, in exec_module
  File "<frozen importlib._bootstrap>", line 488, in _call_with_frames_removed
  File "/opt/airflow/dags/scripts/steam_ingestion_dag.py", line 4, in <module>
    from airflow.providers.standard.operators.bash import BashOperator
ModuleNotFoundError: No module named 'airflow.providers.standard'
[2026-04-26T23:18:15.015+0000] {processor.py:842} WARNING - No viable dags retrieved from /opt/airflow/dags/scripts/steam_ingestion_dag.py
[2026-04-26T23:18:15.029+0000] {processor.py:183} INFO - Processing /opt/airflow/dags/scripts/steam_ingestion_dag.py took 0.023 seconds
[2026-04-26T23:18:36.509+0000] {processor.py:161} INFO - Started process (PID=1266) to work on /opt/airflow/dags/scripts/steam_ingestion_dag.py
[2026-04-26T23:18:36.509+0000] {processor.py:830} INFO - Processing file /opt/airflow/dags/scripts/steam_ingestion_dag.py for tasks to queue
[2026-04-26T23:18:36.510+0000] {logging_mixin.py:188} INFO - [2026-04-26T23:18:36.510+0000] {dagbag.py:545} INFO - Filling up the DagBag from /opt/airflow/dags/scripts/steam_ingestion_dag.py
[2026-04-26T23:18:36.513+0000] {logging_mixin.py:188} INFO - [2026-04-26T23:18:36.512+0000] {dagbag.py:355} ERROR - Failed to import: /opt/airflow/dags/scripts/steam_ingestion_dag.py
Traceback (most recent call last):
  File "/home/airflow/.local/lib/python3.12/site-packages/airflow/models/dagbag.py", line 351, in parse
    loader.exec_module(new_module)
  File "<frozen importlib._bootstrap_external>", line 991, in exec_module
  File "<frozen importlib._bootstrap_external>", line 1129, in get_code
  File "<frozen importlib._bootstrap_external>", line 1059, in source_to_code
  File "<frozen importlib._bootstrap>", line 488, in _call_with_frames_removed
  File "/opt/airflow/dags/scripts/steam_ingestion_dag.py", line 53
    ) as dag:
             ^
IndentationError: expected an indented block after 'with' statement on line 27
[2026-04-26T23:18:36.513+0000] {processor.py:842} WARNING - No viable dags retrieved from /opt/airflow/dags/scripts/steam_ingestion_dag.py
[2026-04-26T23:18:36.526+0000] {processor.py:183} INFO - Processing /opt/airflow/dags/scripts/steam_ingestion_dag.py took 0.023 seconds
[2026-04-26T23:19:06.886+0000] {processor.py:161} INFO - Started process (PID=1325) to work on /opt/airflow/dags/scripts/steam_ingestion_dag.py
[2026-04-26T23:19:06.904+0000] {processor.py:830} INFO - Processing file /opt/airflow/dags/scripts/steam_ingestion_dag.py for tasks to queue
[2026-04-26T23:19:06.905+0000] {logging_mixin.py:188} INFO - [2026-04-26T23:19:06.905+0000] {dagbag.py:545} INFO - Filling up the DagBag from /opt/airflow/dags/scripts/steam_ingestion_dag.py
[2026-04-26T23:19:06.908+0000] {logging_mixin.py:188} INFO - [2026-04-26T23:19:06.907+0000] {dagbag.py:355} ERROR - Failed to import: /opt/airflow/dags/scripts/steam_ingestion_dag.py
Traceback (most recent call last):
  File "/home/airflow/.local/lib/python3.12/site-packages/airflow/models/dagbag.py", line 351, in parse
    loader.exec_module(new_module)
  File "<frozen importlib._bootstrap_external>", line 991, in exec_module
  File "<frozen importlib._bootstrap_external>", line 1129, in get_code
  File "<frozen importlib._bootstrap_external>", line 1059, in source_to_code
  File "<frozen importlib._bootstrap>", line 488, in _call_with_frames_removed
  File "/opt/airflow/dags/scripts/steam_ingestion_dag.py", line 53
    ) as dag:
             ^
IndentationError: expected an indented block after 'with' statement on line 27
[2026-04-26T23:19:06.908+0000] {processor.py:842} WARNING - No viable dags retrieved from /opt/airflow/dags/scripts/steam_ingestion_dag.py
[2026-04-26T23:19:06.923+0000] {processor.py:183} INFO - Processing /opt/airflow/dags/scripts/steam_ingestion_dag.py took 0.042 seconds
[2026-04-26T23:19:37.755+0000] {processor.py:161} INFO - Started process (PID=1382) to work on /opt/airflow/dags/scripts/steam_ingestion_dag.py
[2026-04-26T23:19:37.774+0000] {processor.py:830} INFO - Processing file /opt/airflow/dags/scripts/steam_ingestion_dag.py for tasks to queue
[2026-04-26T23:19:37.775+0000] {logging_mixin.py:188} INFO - [2026-04-26T23:19:37.775+0000] {dagbag.py:545} INFO - Filling up the DagBag from /opt/airflow/dags/scripts/steam_ingestion_dag.py
[2026-04-26T23:19:37.778+0000] {logging_mixin.py:188} INFO - [2026-04-26T23:19:37.777+0000] {dagbag.py:355} ERROR - Failed to import: /opt/airflow/dags/scripts/steam_ingestion_dag.py
Traceback (most recent call last):
  File "/home/airflow/.local/lib/python3.12/site-packages/airflow/models/dagbag.py", line 351, in parse
    loader.exec_module(new_module)
  File "<frozen importlib._bootstrap_external>", line 991, in exec_module
  File "<frozen importlib._bootstrap_external>", line 1129, in get_code
  File "<frozen importlib._bootstrap_external>", line 1059, in source_to_code
  File "<frozen importlib._bootstrap>", line 488, in _call_with_frames_removed
  File "/opt/airflow/dags/scripts/steam_ingestion_dag.py", line 53
    ) as dag:
             ^
IndentationError: expected an indented block after 'with' statement on line 27
[2026-04-26T23:19:37.778+0000] {processor.py:842} WARNING - No viable dags retrieved from /opt/airflow/dags/scripts/steam_ingestion_dag.py
[2026-04-26T23:19:37.793+0000] {processor.py:183} INFO - Processing /opt/airflow/dags/scripts/steam_ingestion_dag.py took 0.042 seconds
[2026-04-26T23:20:08.129+0000] {processor.py:161} INFO - Started process (PID=1441) to work on /opt/airflow/dags/scripts/steam_ingestion_dag.py
[2026-04-26T23:20:08.130+0000] {processor.py:830} INFO - Processing file /opt/airflow/dags/scripts/steam_ingestion_dag.py for tasks to queue
[2026-04-26T23:20:08.131+0000] {logging_mixin.py:188} INFO - [2026-04-26T23:20:08.131+0000] {dagbag.py:545} INFO - Filling up the DagBag from /opt/airflow/dags/scripts/steam_ingestion_dag.py
[2026-04-26T23:20:08.133+0000] {logging_mixin.py:188} INFO - [2026-04-26T23:20:08.132+0000] {dagbag.py:355} ERROR - Failed to import: /opt/airflow/dags/scripts/steam_ingestion_dag.py
Traceback (most recent call last):
  File "/home/airflow/.local/lib/python3.12/site-packages/airflow/models/dagbag.py", line 351, in parse
    loader.exec_module(new_module)
  File "<frozen importlib._bootstrap_external>", line 991, in exec_module
  File "<frozen importlib._bootstrap_external>", line 1129, in get_code
  File "<frozen importlib._bootstrap_external>", line 1059, in source_to_code
  File "<frozen importlib._bootstrap>", line 488, in _call_with_frames_removed
  File "/opt/airflow/dags/scripts/steam_ingestion_dag.py", line 53
    ) as dag:
             ^
IndentationError: expected an indented block after 'with' statement on line 27
[2026-04-26T23:20:08.133+0000] {processor.py:842} WARNING - No viable dags retrieved from /opt/airflow/dags/scripts/steam_ingestion_dag.py
[2026-04-26T23:20:08.144+0000] {processor.py:183} INFO - Processing /opt/airflow/dags/scripts/steam_ingestion_dag.py took 0.019 seconds
[2026-04-26T23:20:38.234+0000] {processor.py:161} INFO - Started process (PID=1500) to work on /opt/airflow/dags/scripts/steam_ingestion_dag.py
[2026-04-26T23:20:38.253+0000] {processor.py:830} INFO - Processing file /opt/airflow/dags/scripts/steam_ingestion_dag.py for tasks to queue
[2026-04-26T23:20:38.254+0000] {logging_mixin.py:188} INFO - [2026-04-26T23:20:38.254+0000] {dagbag.py:545} INFO - Filling up the DagBag from /opt/airflow/dags/scripts/steam_ingestion_dag.py
[2026-04-26T23:20:38.257+0000] {logging_mixin.py:188} INFO - [2026-04-26T23:20:38.256+0000] {dagbag.py:355} ERROR - Failed to import: /opt/airflow/dags/scripts/steam_ingestion_dag.py
Traceback (most recent call last):
  File "/home/airflow/.local/lib/python3.12/site-packages/airflow/models/dagbag.py", line 351, in parse
    loader.exec_module(new_module)
  File "<frozen importlib._bootstrap_external>", line 991, in exec_module
  File "<frozen importlib._bootstrap_external>", line 1129, in get_code
  File "<frozen importlib._bootstrap_external>", line 1059, in source_to_code
  File "<frozen importlib._bootstrap>", line 488, in _call_with_frames_removed
  File "/opt/airflow/dags/scripts/steam_ingestion_dag.py", line 53
    ) as dag:
             ^
IndentationError: expected an indented block after 'with' statement on line 27
[2026-04-26T23:20:38.257+0000] {processor.py:842} WARNING - No viable dags retrieved from /opt/airflow/dags/scripts/steam_ingestion_dag.py
[2026-04-26T23:20:38.269+0000] {processor.py:183} INFO - Processing /opt/airflow/dags/scripts/steam_ingestion_dag.py took 0.040 seconds
[2026-04-26T23:21:08.590+0000] {processor.py:161} INFO - Started process (PID=1559) to work on /opt/airflow/dags/scripts/steam_ingestion_dag.py
[2026-04-26T23:21:08.590+0000] {processor.py:830} INFO - Processing file /opt/airflow/dags/scripts/steam_ingestion_dag.py for tasks to queue
[2026-04-26T23:21:08.592+0000] {logging_mixin.py:188} INFO - [2026-04-26T23:21:08.592+0000] {dagbag.py:545} INFO - Filling up the DagBag from /opt/airflow/dags/scripts/steam_ingestion_dag.py
[2026-04-26T23:21:08.594+0000] {logging_mixin.py:188} INFO - [2026-04-26T23:21:08.593+0000] {dagbag.py:355} ERROR - Failed to import: /opt/airflow/dags/scripts/steam_ingestion_dag.py
Traceback (most recent call last):
  File "/home/airflow/.local/lib/python3.12/site-packages/airflow/models/dagbag.py", line 351, in parse
    loader.exec_module(new_module)
  File "<frozen importlib._bootstrap_external>", line 991, in exec_module
  File "<frozen importlib._bootstrap_external>", line 1129, in get_code
  File "<frozen importlib._bootstrap_external>", line 1059, in source_to_code
  File "<frozen importlib._bootstrap>", line 488, in _call_with_frames_removed
  File "/opt/airflow/dags/scripts/steam_ingestion_dag.py", line 53
    ) as dag:
             ^
IndentationError: expected an indented block after 'with' statement on line 27
[2026-04-26T23:21:08.594+0000] {processor.py:842} WARNING - No viable dags retrieved from /opt/airflow/dags/scripts/steam_ingestion_dag.py
[2026-04-26T23:21:08.605+0000] {processor.py:183} INFO - Processing /opt/airflow/dags/scripts/steam_ingestion_dag.py took 0.020 seconds
[2026-04-26T23:21:38.895+0000] {processor.py:161} INFO - Started process (PID=1618) to work on /opt/airflow/dags/scripts/steam_ingestion_dag.py
[2026-04-26T23:21:39.603+0000] {processor.py:830} INFO - Processing file /opt/airflow/dags/scripts/steam_ingestion_dag.py for tasks to queue
[2026-04-26T23:21:39.707+0000] {logging_mixin.py:188} INFO - [2026-04-26T23:21:39.707+0000] {dagbag.py:545} INFO - Filling up the DagBag from /opt/airflow/dags/scripts/steam_ingestion_dag.py
[2026-04-26T23:21:39.710+0000] {logging_mixin.py:188} INFO - [2026-04-26T23:21:39.709+0000] {dagbag.py:355} ERROR - Failed to import: /opt/airflow/dags/scripts/steam_ingestion_dag.py
Traceback (most recent call last):
  File "/home/airflow/.local/lib/python3.12/site-packages/airflow/models/dagbag.py", line 351, in parse
    loader.exec_module(new_module)
  File "<frozen importlib._bootstrap_external>", line 991, in exec_module
  File "<frozen importlib._bootstrap_external>", line 1129, in get_code
  File "<frozen importlib._bootstrap_external>", line 1059, in source_to_code
  File "<frozen importlib._bootstrap>", line 488, in _call_with_frames_removed
  File "/opt/airflow/dags/scripts/steam_ingestion_dag.py", line 53
    ) as dag:
             ^
IndentationError: expected an indented block after 'with' statement on line 27
[2026-04-26T23:21:39.710+0000] {processor.py:842} WARNING - No viable dags retrieved from /opt/airflow/dags/scripts/steam_ingestion_dag.py
[2026-04-26T23:21:40.514+0000] {processor.py:183} INFO - Processing /opt/airflow/dags/scripts/steam_ingestion_dag.py took 1.624 seconds
[2026-04-26T23:21:45.907+0000] {processor.py:161} INFO - Started process (PID=1621) to work on /opt/airflow/dags/scripts/steam_ingestion_dag.py
[2026-04-26T23:21:45.908+0000] {processor.py:830} INFO - Processing file /opt/airflow/dags/scripts/steam_ingestion_dag.py for tasks to queue
[2026-04-26T23:21:45.909+0000] {logging_mixin.py:188} INFO - [2026-04-26T23:21:45.909+0000] {dagbag.py:545} INFO - Filling up the DagBag from /opt/airflow/dags/scripts/steam_ingestion_dag.py
[2026-04-26T23:21:45.912+0000] {logging_mixin.py:188} INFO - [2026-04-26T23:21:45.911+0000] {dagbag.py:355} ERROR - Failed to import: /opt/airflow/dags/scripts/steam_ingestion_dag.py
Traceback (most recent call last):
  File "/home/airflow/.local/lib/python3.12/site-packages/airflow/models/dagbag.py", line 351, in parse
    loader.exec_module(new_module)
  File "<frozen importlib._bootstrap_external>", line 995, in exec_module
  File "<frozen importlib._bootstrap>", line 488, in _call_with_frames_removed
  File "/opt/airflow/dags/scripts/steam_ingestion_dag.py", line 4, in <module>
    from airflow.providers.standard.operators.bash import BashOperator
ModuleNotFoundError: No module named 'airflow.providers.standard'
[2026-04-26T23:21:45.912+0000] {processor.py:842} WARNING - No viable dags retrieved from /opt/airflow/dags/scripts/steam_ingestion_dag.py
[2026-04-26T23:21:45.930+0000] {processor.py:183} INFO - Processing /opt/airflow/dags/scripts/steam_ingestion_dag.py took 0.028 seconds
[2026-04-26T23:22:15.976+0000] {processor.py:161} INFO - Started process (PID=1680) to work on /opt/airflow/dags/scripts/steam_ingestion_dag.py
[2026-04-26T23:22:15.979+0000] {processor.py:830} INFO - Processing file /opt/airflow/dags/scripts/steam_ingestion_dag.py for tasks to queue
[2026-04-26T23:22:15.981+0000] {logging_mixin.py:188} INFO - [2026-04-26T23:22:15.981+0000] {dagbag.py:545} INFO - Filling up the DagBag from /opt/airflow/dags/scripts/steam_ingestion_dag.py
[2026-04-26T23:22:15.984+0000] {logging_mixin.py:188} INFO - [2026-04-26T23:22:15.983+0000] {dagbag.py:355} ERROR - Failed to import: /opt/airflow/dags/scripts/steam_ingestion_dag.py
Traceback (most recent call last):
  File "/home/airflow/.local/lib/python3.12/site-packages/airflow/models/dagbag.py", line 351, in parse
    loader.exec_module(new_module)
  File "<frozen importlib._bootstrap_external>", line 995, in exec_module
  File "<frozen importlib._bootstrap>", line 488, in _call_with_frames_removed
  File "/opt/airflow/dags/scripts/steam_ingestion_dag.py", line 4, in <module>
    from airflow.providers.standard.operators.bash import BashOperator
ModuleNotFoundError: No module named 'airflow.providers.standard'
[2026-04-26T23:22:15.984+0000] {processor.py:842} WARNING - No viable dags retrieved from /opt/airflow/dags/scripts/steam_ingestion_dag.py
[2026-04-26T23:22:15.999+0000] {processor.py:183} INFO - Processing /opt/airflow/dags/scripts/steam_ingestion_dag.py took 0.027 seconds
[2026-04-26T23:22:38.144+0000] {processor.py:161} INFO - Started process (PID=1737) to work on /opt/airflow/dags/scripts/steam_ingestion_dag.py
[2026-04-26T23:22:38.144+0000] {processor.py:830} INFO - Processing file /opt/airflow/dags/scripts/steam_ingestion_dag.py for tasks to queue
[2026-04-26T23:22:38.146+0000] {logging_mixin.py:188} INFO - [2026-04-26T23:22:38.146+0000] {dagbag.py:545} INFO - Filling up the DagBag from /opt/airflow/dags/scripts/steam_ingestion_dag.py
[2026-04-26T23:22:38.149+0000] {logging_mixin.py:188} INFO - [2026-04-26T23:22:38.148+0000] {dagbag.py:355} ERROR - Failed to import: /opt/airflow/dags/scripts/steam_ingestion_dag.py
Traceback (most recent call last):
  File "/home/airflow/.local/lib/python3.12/site-packages/airflow/models/dagbag.py", line 351, in parse
    loader.exec_module(new_module)
  File "<frozen importlib._bootstrap_external>", line 995, in exec_module
  File "<frozen importlib._bootstrap>", line 488, in _call_with_frames_removed
  File "/opt/airflow/dags/scripts/steam_ingestion_dag.py", line 4, in <module>
    from airflow.providers.standard.operators.bash import BashOperator
ModuleNotFoundError: No module named 'airflow.providers.standard'
[2026-04-26T23:22:38.149+0000] {processor.py:842} WARNING - No viable dags retrieved from /opt/airflow/dags/scripts/steam_ingestion_dag.py
[2026-04-26T23:22:38.162+0000] {processor.py:183} INFO - Processing /opt/airflow/dags/scripts/steam_ingestion_dag.py took 0.024 seconds
[2026-04-26T23:22:51.558+0000] {processor.py:161} INFO - Started process (PID=1746) to work on /opt/airflow/dags/scripts/steam_ingestion_dag.py
[2026-04-26T23:22:51.562+0000] {processor.py:830} INFO - Processing file /opt/airflow/dags/scripts/steam_ingestion_dag.py for tasks to queue
[2026-04-26T23:22:51.563+0000] {logging_mixin.py:188} INFO - [2026-04-26T23:22:51.563+0000] {dagbag.py:545} INFO - Filling up the DagBag from /opt/airflow/dags/scripts/steam_ingestion_dag.py
[2026-04-26T23:22:51.567+0000] {logging_mixin.py:188} INFO - [2026-04-26T23:22:51.565+0000] {dagbag.py:355} ERROR - Failed to import: /opt/airflow/dags/scripts/steam_ingestion_dag.py
Traceback (most recent call last):
  File "/home/airflow/.local/lib/python3.12/site-packages/airflow/models/dagbag.py", line 351, in parse
    loader.exec_module(new_module)
  File "<frozen importlib._bootstrap_external>", line 995, in exec_module
  File "<frozen importlib._bootstrap>", line 488, in _call_with_frames_removed
  File "/opt/airflow/dags/scripts/steam_ingestion_dag.py", line 27, in <module>
    with DAG(
         ^^^^
  File "/home/airflow/.local/lib/python3.12/site-packages/airflow/models/dag.py", line 500, in __init__
    raise TypeError("default_args must be a dict")
TypeError: default_args must be a dict
[2026-04-26T23:22:51.567+0000] {processor.py:842} WARNING - No viable dags retrieved from /opt/airflow/dags/scripts/steam_ingestion_dag.py
[2026-04-26T23:22:51.581+0000] {processor.py:183} INFO - Processing /opt/airflow/dags/scripts/steam_ingestion_dag.py took 0.027 seconds
[2026-04-26T23:23:21.939+0000] {processor.py:161} INFO - Started process (PID=1805) to work on /opt/airflow/dags/scripts/steam_ingestion_dag.py
[2026-04-26T23:23:21.939+0000] {processor.py:830} INFO - Processing file /opt/airflow/dags/scripts/steam_ingestion_dag.py for tasks to queue
[2026-04-26T23:23:21.941+0000] {logging_mixin.py:188} INFO - [2026-04-26T23:23:21.940+0000] {dagbag.py:545} INFO - Filling up the DagBag from /opt/airflow/dags/scripts/steam_ingestion_dag.py
[2026-04-26T23:23:21.944+0000] {logging_mixin.py:188} INFO - [2026-04-26T23:23:21.942+0000] {dagbag.py:355} ERROR - Failed to import: /opt/airflow/dags/scripts/steam_ingestion_dag.py
Traceback (most recent call last):
  File "/home/airflow/.local/lib/python3.12/site-packages/airflow/models/dagbag.py", line 351, in parse
    loader.exec_module(new_module)
  File "<frozen importlib._bootstrap_external>", line 995, in exec_module
  File "<frozen importlib._bootstrap>", line 488, in _call_with_frames_removed
  File "/opt/airflow/dags/scripts/steam_ingestion_dag.py", line 27, in <module>
    with DAG(
         ^^^^
  File "/home/airflow/.local/lib/python3.12/site-packages/airflow/models/dag.py", line 500, in __init__
    raise TypeError("default_args must be a dict")
TypeError: default_args must be a dict
[2026-04-26T23:23:21.945+0000] {processor.py:842} WARNING - No viable dags retrieved from /opt/airflow/dags/scripts/steam_ingestion_dag.py
[2026-04-26T23:23:21.961+0000] {processor.py:183} INFO - Processing /opt/airflow/dags/scripts/steam_ingestion_dag.py took 0.027 seconds
[2026-04-26T23:23:35.315+0000] {processor.py:161} INFO - Started process (PID=1856) to work on /opt/airflow/dags/scripts/steam_ingestion_dag.py
[2026-04-26T23:23:35.316+0000] {processor.py:830} INFO - Processing file /opt/airflow/dags/scripts/steam_ingestion_dag.py for tasks to queue
[2026-04-26T23:23:35.318+0000] {logging_mixin.py:188} INFO - [2026-04-26T23:23:35.317+0000] {dagbag.py:545} INFO - Filling up the DagBag from /opt/airflow/dags/scripts/steam_ingestion_dag.py
[2026-04-26T23:23:35.322+0000] {processor.py:840} INFO - DAG(s) 'steam_ingestion_dag' retrieved from /opt/airflow/dags/scripts/steam_ingestion_dag.py
[2026-04-26T23:23:35.538+0000] {logging_mixin.py:188} INFO - [2026-04-26T23:23:35.537+0000] {override.py:1829} INFO - Created Permission View: can edit on DAG:steam_ingestion_dag
[2026-04-26T23:23:35.543+0000] {logging_mixin.py:188} INFO - [2026-04-26T23:23:35.543+0000] {override.py:1829} INFO - Created Permission View: can delete on DAG:steam_ingestion_dag
[2026-04-26T23:23:35.548+0000] {logging_mixin.py:188} INFO - [2026-04-26T23:23:35.547+0000] {override.py:1829} INFO - Created Permission View: can read on DAG:steam_ingestion_dag
[2026-04-26T23:23:35.548+0000] {logging_mixin.py:188} INFO - [2026-04-26T23:23:35.548+0000] {dag.py:3096} INFO - Sync 1 DAGs
[2026-04-26T23:23:35.554+0000] {logging_mixin.py:188} INFO - [2026-04-26T23:23:35.554+0000] {dag.py:3118} INFO - Creating ORM DAG for steam_ingestion_dag
[2026-04-26T23:23:35.559+0000] {logging_mixin.py:188} INFO - [2026-04-26T23:23:35.559+0000] {dag.py:3954} INFO - Setting next_dagrun for steam_ingestion_dag to 2026-04-25 00:00:00+00:00, run_after=2026-04-26 00:00:00+00:00
[2026-04-26T23:23:35.569+0000] {processor.py:183} INFO - Processing /opt/airflow/dags/scripts/steam_ingestion_dag.py took 0.259 seconds
[2026-04-26T23:24:05.825+0000] {processor.py:161} INFO - Started process (PID=1915) to work on /opt/airflow/dags/scripts/steam_ingestion_dag.py
[2026-04-26T23:24:05.825+0000] {processor.py:830} INFO - Processing file /opt/airflow/dags/scripts/steam_ingestion_dag.py for tasks to queue
[2026-04-26T23:24:05.826+0000] {logging_mixin.py:188} INFO - [2026-04-26T23:24:05.826+0000] {dagbag.py:545} INFO - Filling up the DagBag from /opt/airflow/dags/scripts/steam_ingestion_dag.py
[2026-04-26T23:24:05.829+0000] {processor.py:840} INFO - DAG(s) 'steam_ingestion_dag' retrieved from /opt/airflow/dags/scripts/steam_ingestion_dag.py
[2026-04-26T23:24:05.839+0000] {logging_mixin.py:188} INFO - [2026-04-26T23:24:05.839+0000] {dag.py:3096} INFO - Sync 1 DAGs
[2026-04-26T23:24:05.850+0000] {logging_mixin.py:188} INFO - [2026-04-26T23:24:05.850+0000] {dag.py:3954} INFO - Setting next_dagrun for steam_ingestion_dag to 2026-04-25 00:00:00+00:00, run_after=2026-04-26 00:00:00+00:00
[2026-04-26T23:24:05.860+0000] {processor.py:183} INFO - Processing /opt/airflow/dags/scripts/steam_ingestion_dag.py took 0.039 seconds
[2026-04-26T23:24:25.267+0000] {processor.py:161} INFO - Started process (PID=1924) to work on /opt/airflow/dags/scripts/steam_ingestion_dag.py
[2026-04-26T23:24:25.274+0000] {processor.py:830} INFO - Processing file /opt/airflow/dags/scripts/steam_ingestion_dag.py for tasks to queue
[2026-04-26T23:24:25.276+0000] {logging_mixin.py:188} INFO - [2026-04-26T23:24:25.276+0000] {dagbag.py:545} INFO - Filling up the DagBag from /opt/airflow/dags/scripts/steam_ingestion_dag.py
[2026-04-26T23:24:25.280+0000] {processor.py:840} INFO - DAG(s) 'steam_ingestion_dag' retrieved from /opt/airflow/dags/scripts/steam_ingestion_dag.py
[2026-04-26T23:24:25.478+0000] {logging_mixin.py:188} INFO - [2026-04-26T23:24:25.478+0000] {dag.py:3096} INFO - Sync 1 DAGs
[2026-04-26T23:24:25.490+0000] {logging_mixin.py:188} INFO - [2026-04-26T23:24:25.490+0000] {dag.py:3954} INFO - Setting next_dagrun for steam_ingestion_dag to 2026-04-26 08:00:00+00:00, run_after=2026-04-26 16:00:00+00:00
[2026-04-26T23:24:25.511+0000] {processor.py:183} INFO - Processing /opt/airflow/dags/scripts/steam_ingestion_dag.py took 0.249 seconds
[2026-04-26T23:24:56.072+0000] {processor.py:161} INFO - Started process (PID=1983) to work on /opt/airflow/dags/scripts/steam_ingestion_dag.py
[2026-04-26T23:24:56.073+0000] {processor.py:830} INFO - Processing file /opt/airflow/dags/scripts/steam_ingestion_dag.py for tasks to queue
[2026-04-26T23:24:56.074+0000] {logging_mixin.py:188} INFO - [2026-04-26T23:24:56.074+0000] {dagbag.py:545} INFO - Filling up the DagBag from /opt/airflow/dags/scripts/steam_ingestion_dag.py
[2026-04-26T23:24:56.079+0000] {processor.py:840} INFO - DAG(s) 'steam_ingestion_dag' retrieved from /opt/airflow/dags/scripts/steam_ingestion_dag.py
[2026-04-26T23:24:56.092+0000] {logging_mixin.py:188} INFO - [2026-04-26T23:24:56.092+0000] {dag.py:3096} INFO - Sync 1 DAGs
[2026-04-26T23:24:56.107+0000] {logging_mixin.py:188} INFO - [2026-04-26T23:24:56.107+0000] {dag.py:3954} INFO - Setting next_dagrun for steam_ingestion_dag to 2026-04-26 08:00:00+00:00, run_after=2026-04-26 16:00:00+00:00
[2026-04-26T23:24:56.120+0000] {processor.py:183} INFO - Processing /opt/airflow/dags/scripts/steam_ingestion_dag.py took 0.052 seconds
[2026-04-26T23:24:58.084+0000] {processor.py:161} INFO - Started process (PID=1984) to work on /opt/airflow/dags/scripts/steam_ingestion_dag.py
[2026-04-26T23:24:58.084+0000] {processor.py:830} INFO - Processing file /opt/airflow/dags/scripts/steam_ingestion_dag.py for tasks to queue
[2026-04-26T23:24:58.086+0000] {logging_mixin.py:188} INFO - [2026-04-26T23:24:58.086+0000] {dagbag.py:545} INFO - Filling up the DagBag from /opt/airflow/dags/scripts/steam_ingestion_dag.py
[2026-04-26T23:24:58.090+0000] {processor.py:840} INFO - DAG(s) 'steam_ingestion_dag' retrieved from /opt/airflow/dags/scripts/steam_ingestion_dag.py
[2026-04-26T23:24:58.170+0000] {logging_mixin.py:188} INFO - [2026-04-26T23:24:58.170+0000] {dag.py:3096} INFO - Sync 1 DAGs
[2026-04-26T23:24:58.183+0000] {logging_mixin.py:188} INFO - [2026-04-26T23:24:58.183+0000] {dag.py:3954} INFO - Setting next_dagrun for steam_ingestion_dag to 2026-04-26 08:00:00+00:00, run_after=2026-04-26 16:00:00+00:00
[2026-04-26T23:24:58.197+0000] {processor.py:183} INFO - Processing /opt/airflow/dags/scripts/steam_ingestion_dag.py took 0.118 seconds
[2026-04-26T23:25:28.927+0000] {processor.py:161} INFO - Started process (PID=2043) to work on /opt/airflow/dags/scripts/steam_ingestion_dag.py
[2026-04-26T23:25:28.937+0000] {processor.py:830} INFO - Processing file /opt/airflow/dags/scripts/steam_ingestion_dag.py for tasks to queue
[2026-04-26T23:25:28.938+0000] {logging_mixin.py:188} INFO - [2026-04-26T23:25:28.938+0000] {dagbag.py:545} INFO - Filling up the DagBag from /opt/airflow/dags/scripts/steam_ingestion_dag.py
[2026-04-26T23:25:28.942+0000] {processor.py:840} INFO - DAG(s) 'steam_ingestion_dag' retrieved from /opt/airflow/dags/scripts/steam_ingestion_dag.py
[2026-04-26T23:25:28.956+0000] {logging_mixin.py:188} INFO - [2026-04-26T23:25:28.955+0000] {dag.py:3096} INFO - Sync 1 DAGs
[2026-04-26T23:25:28.971+0000] {logging_mixin.py:188} INFO - [2026-04-26T23:25:28.970+0000] {dag.py:3954} INFO - Setting next_dagrun for steam_ingestion_dag to 2026-04-26 08:00:00+00:00, run_after=2026-04-26 16:00:00+00:00
[2026-04-26T23:25:28.983+0000] {processor.py:183} INFO - Processing /opt/airflow/dags/scripts/steam_ingestion_dag.py took 0.061 seconds
[2026-04-26T23:25:59.637+0000] {processor.py:161} INFO - Started process (PID=2102) to work on /opt/airflow/dags/scripts/steam_ingestion_dag.py
[2026-04-26T23:25:59.638+0000] {processor.py:830} INFO - Processing file /opt/airflow/dags/scripts/steam_ingestion_dag.py for tasks to queue
[2026-04-26T23:25:59.639+0000] {logging_mixin.py:188} INFO - [2026-04-26T23:25:59.639+0000] {dagbag.py:545} INFO - Filling up the DagBag from /opt/airflow/dags/scripts/steam_ingestion_dag.py
[2026-04-26T23:25:59.643+0000] {processor.py:840} INFO - DAG(s) 'steam_ingestion_dag' retrieved from /opt/airflow/dags/scripts/steam_ingestion_dag.py
[2026-04-26T23:25:59.656+0000] {logging_mixin.py:188} INFO - [2026-04-26T23:25:59.656+0000] {dag.py:3096} INFO - Sync 1 DAGs
[2026-04-26T23:25:59.672+0000] {logging_mixin.py:188} INFO - [2026-04-26T23:25:59.671+0000] {dag.py:3954} INFO - Setting next_dagrun for steam_ingestion_dag to 2026-04-26 08:00:00+00:00, run_after=2026-04-26 16:00:00+00:00
[2026-04-26T23:25:59.684+0000] {processor.py:183} INFO - Processing /opt/airflow/dags/scripts/steam_ingestion_dag.py took 0.051 seconds
[2026-04-26T23:26:30.447+0000] {processor.py:161} INFO - Started process (PID=2161) to work on /opt/airflow/dags/scripts/steam_ingestion_dag.py
[2026-04-26T23:26:30.460+0000] {processor.py:830} INFO - Processing file /opt/airflow/dags/scripts/steam_ingestion_dag.py for tasks to queue
[2026-04-26T23:26:30.462+0000] {logging_mixin.py:188} INFO - [2026-04-26T23:26:30.461+0000] {dagbag.py:545} INFO - Filling up the DagBag from /opt/airflow/dags/scripts/steam_ingestion_dag.py
[2026-04-26T23:26:30.466+0000] {processor.py:840} INFO - DAG(s) 'steam_ingestion_dag' retrieved from /opt/airflow/dags/scripts/steam_ingestion_dag.py
[2026-04-26T23:26:30.481+0000] {logging_mixin.py:188} INFO - [2026-04-26T23:26:30.481+0000] {dag.py:3096} INFO - Sync 1 DAGs
[2026-04-26T23:26:30.498+0000] {logging_mixin.py:188} INFO - [2026-04-26T23:26:30.498+0000] {dag.py:3954} INFO - Setting next_dagrun for steam_ingestion_dag to 2026-04-26 08:00:00+00:00, run_after=2026-04-26 16:00:00+00:00
[2026-04-26T23:26:30.512+0000] {processor.py:183} INFO - Processing /opt/airflow/dags/scripts/steam_ingestion_dag.py took 0.070 seconds
[2026-04-26T23:27:01.199+0000] {processor.py:161} INFO - Started process (PID=2220) to work on /opt/airflow/dags/scripts/steam_ingestion_dag.py
[2026-04-26T23:27:01.200+0000] {processor.py:830} INFO - Processing file /opt/airflow/dags/scripts/steam_ingestion_dag.py for tasks to queue
[2026-04-26T23:27:01.201+0000] {logging_mixin.py:188} INFO - [2026-04-26T23:27:01.201+0000] {dagbag.py:545} INFO - Filling up the DagBag from /opt/airflow/dags/scripts/steam_ingestion_dag.py
[2026-04-26T23:27:01.206+0000] {processor.py:840} INFO - DAG(s) 'steam_ingestion_dag' retrieved from /opt/airflow/dags/scripts/steam_ingestion_dag.py
[2026-04-26T23:27:01.220+0000] {logging_mixin.py:188} INFO - [2026-04-26T23:27:01.219+0000] {dag.py:3096} INFO - Sync 1 DAGs
[2026-04-26T23:27:01.237+0000] {logging_mixin.py:188} INFO - [2026-04-26T23:27:01.237+0000] {dag.py:3954} INFO - Setting next_dagrun for steam_ingestion_dag to 2026-04-26 08:00:00+00:00, run_after=2026-04-26 16:00:00+00:00
[2026-04-26T23:27:01.250+0000] {processor.py:183} INFO - Processing /opt/airflow/dags/scripts/steam_ingestion_dag.py took 0.056 seconds
[2026-04-26T23:27:31.971+0000] {processor.py:161} INFO - Started process (PID=2279) to work on /opt/airflow/dags/scripts/steam_ingestion_dag.py
[2026-04-26T23:27:31.986+0000] {processor.py:830} INFO - Processing file /opt/airflow/dags/scripts/steam_ingestion_dag.py for tasks to queue
[2026-04-26T23:27:31.987+0000] {logging_mixin.py:188} INFO - [2026-04-26T23:27:31.987+0000] {dagbag.py:545} INFO - Filling up the DagBag from /opt/airflow/dags/scripts/steam_ingestion_dag.py
[2026-04-26T23:27:31.991+0000] {processor.py:840} INFO - DAG(s) 'steam_ingestion_dag' retrieved from /opt/airflow/dags/scripts/steam_ingestion_dag.py
[2026-04-26T23:27:32.006+0000] {logging_mixin.py:188} INFO - [2026-04-26T23:27:32.006+0000] {dag.py:3096} INFO - Sync 1 DAGs
[2026-04-26T23:27:32.022+0000] {logging_mixin.py:188} INFO - [2026-04-26T23:27:32.022+0000] {dag.py:3954} INFO - Setting next_dagrun for steam_ingestion_dag to 2026-04-26 08:00:00+00:00, run_after=2026-04-26 16:00:00+00:00
[2026-04-26T23:27:32.036+0000] {processor.py:183} INFO - Processing /opt/airflow/dags/scripts/steam_ingestion_dag.py took 0.071 seconds
[2026-04-26T23:28:02.699+0000] {processor.py:161} INFO - Started process (PID=2338) to work on /opt/airflow/dags/scripts/steam_ingestion_dag.py
[2026-04-26T23:28:02.700+0000] {processor.py:830} INFO - Processing file /opt/airflow/dags/scripts/steam_ingestion_dag.py for tasks to queue
[2026-04-26T23:28:02.701+0000] {logging_mixin.py:188} INFO - [2026-04-26T23:28:02.701+0000] {dagbag.py:545} INFO - Filling up the DagBag from /opt/airflow/dags/scripts/steam_ingestion_dag.py
[2026-04-26T23:28:02.705+0000] {processor.py:840} INFO - DAG(s) 'steam_ingestion_dag' retrieved from /opt/airflow/dags/scripts/steam_ingestion_dag.py
[2026-04-26T23:28:02.719+0000] {logging_mixin.py:188} INFO - [2026-04-26T23:28:02.718+0000] {dag.py:3096} INFO - Sync 1 DAGs
[2026-04-26T23:28:02.735+0000] {logging_mixin.py:188} INFO - [2026-04-26T23:28:02.735+0000] {dag.py:3954} INFO - Setting next_dagrun for steam_ingestion_dag to 2026-04-26 08:00:00+00:00, run_after=2026-04-26 16:00:00+00:00
[2026-04-26T23:28:02.748+0000] {processor.py:183} INFO - Processing /opt/airflow/dags/scripts/steam_ingestion_dag.py took 0.054 seconds
[2026-04-26T23:28:33.457+0000] {processor.py:161} INFO - Started process (PID=2397) to work on /opt/airflow/dags/scripts/steam_ingestion_dag.py
[2026-04-26T23:28:33.473+0000] {processor.py:830} INFO - Processing file /opt/airflow/dags/scripts/steam_ingestion_dag.py for tasks to queue
[2026-04-26T23:28:33.474+0000] {logging_mixin.py:188} INFO - [2026-04-26T23:28:33.474+0000] {dagbag.py:545} INFO - Filling up the DagBag from /opt/airflow/dags/scripts/steam_ingestion_dag.py
[2026-04-26T23:28:33.478+0000] {processor.py:840} INFO - DAG(s) 'steam_ingestion_dag' retrieved from /opt/airflow/dags/scripts/steam_ingestion_dag.py
[2026-04-26T23:28:33.493+0000] {logging_mixin.py:188} INFO - [2026-04-26T23:28:33.492+0000] {dag.py:3096} INFO - Sync 1 DAGs
[2026-04-26T23:28:33.509+0000] {logging_mixin.py:188} INFO - [2026-04-26T23:28:33.509+0000] {dag.py:3954} INFO - Setting next_dagrun for steam_ingestion_dag to 2026-04-26 08:00:00+00:00, run_after=2026-04-26 16:00:00+00:00
[2026-04-26T23:28:33.523+0000] {processor.py:183} INFO - Processing /opt/airflow/dags/scripts/steam_ingestion_dag.py took 0.071 seconds
[2026-04-26T23:29:03.716+0000] {processor.py:161} INFO - Started process (PID=2456) to work on /opt/airflow/dags/scripts/steam_ingestion_dag.py
[2026-04-26T23:29:03.717+0000] {processor.py:830} INFO - Processing file /opt/airflow/dags/scripts/steam_ingestion_dag.py for tasks to queue
[2026-04-26T23:29:03.718+0000] {logging_mixin.py:188} INFO - [2026-04-26T23:29:03.718+0000] {dagbag.py:545} INFO - Filling up the DagBag from /opt/airflow/dags/scripts/steam_ingestion_dag.py
[2026-04-26T23:29:03.721+0000] {processor.py:840} INFO - DAG(s) 'steam_ingestion_dag' retrieved from /opt/airflow/dags/scripts/steam_ingestion_dag.py
[2026-04-26T23:29:03.731+0000] {logging_mixin.py:188} INFO - [2026-04-26T23:29:03.731+0000] {dag.py:3096} INFO - Sync 1 DAGs
[2026-04-26T23:29:03.744+0000] {logging_mixin.py:188} INFO - [2026-04-26T23:29:03.744+0000] {dag.py:3954} INFO - Setting next_dagrun for steam_ingestion_dag to 2026-04-26 08:00:00+00:00, run_after=2026-04-26 16:00:00+00:00
[2026-04-26T23:29:03.753+0000] {processor.py:183} INFO - Processing /opt/airflow/dags/scripts/steam_ingestion_dag.py took 0.041 seconds
[2026-04-26T23:29:34.572+0000] {processor.py:161} INFO - Started process (PID=2515) to work on /opt/airflow/dags/scripts/steam_ingestion_dag.py
[2026-04-26T23:29:34.587+0000] {processor.py:830} INFO - Processing file /opt/airflow/dags/scripts/steam_ingestion_dag.py for tasks to queue
[2026-04-26T23:29:34.589+0000] {logging_mixin.py:188} INFO - [2026-04-26T23:29:34.589+0000] {dagbag.py:545} INFO - Filling up the DagBag from /opt/airflow/dags/scripts/steam_ingestion_dag.py
[2026-04-26T23:29:34.592+0000] {processor.py:840} INFO - DAG(s) 'steam_ingestion_dag' retrieved from /opt/airflow/dags/scripts/steam_ingestion_dag.py
[2026-04-26T23:29:34.606+0000] {logging_mixin.py:188} INFO - [2026-04-26T23:29:34.606+0000] {dag.py:3096} INFO - Sync 1 DAGs
[2026-04-26T23:29:34.619+0000] {logging_mixin.py:188} INFO - [2026-04-26T23:29:34.619+0000] {dag.py:3954} INFO - Setting next_dagrun for steam_ingestion_dag to 2026-04-26 08:00:00+00:00, run_after=2026-04-26 16:00:00+00:00
[2026-04-26T23:29:34.629+0000] {processor.py:183} INFO - Processing /opt/airflow/dags/scripts/steam_ingestion_dag.py took 0.062 seconds
[2026-04-26T23:30:05.245+0000] {processor.py:161} INFO - Started process (PID=2574) to work on /opt/airflow/dags/scripts/steam_ingestion_dag.py
[2026-04-26T23:30:05.245+0000] {processor.py:830} INFO - Processing file /opt/airflow/dags/scripts/steam_ingestion_dag.py for tasks to queue
[2026-04-26T23:30:05.246+0000] {logging_mixin.py:188} INFO - [2026-04-26T23:30:05.246+0000] {dagbag.py:545} INFO - Filling up the DagBag from /opt/airflow/dags/scripts/steam_ingestion_dag.py
[2026-04-26T23:30:05.249+0000] {processor.py:840} INFO - DAG(s) 'steam_ingestion_dag' retrieved from /opt/airflow/dags/scripts/steam_ingestion_dag.py
[2026-04-26T23:30:05.260+0000] {logging_mixin.py:188} INFO - [2026-04-26T23:30:05.260+0000] {dag.py:3096} INFO - Sync 1 DAGs
[2026-04-26T23:30:05.271+0000] {logging_mixin.py:188} INFO - [2026-04-26T23:30:05.271+0000] {dag.py:3954} INFO - Setting next_dagrun for steam_ingestion_dag to 2026-04-26 08:00:00+00:00, run_after=2026-04-26 16:00:00+00:00
[2026-04-26T23:30:05.279+0000] {processor.py:183} INFO - Processing /opt/airflow/dags/scripts/steam_ingestion_dag.py took 0.038 seconds
[2026-04-26T23:30:36.026+0000] {processor.py:161} INFO - Started process (PID=2633) to work on /opt/airflow/dags/scripts/steam_ingestion_dag.py
[2026-04-26T23:30:36.044+0000] {processor.py:830} INFO - Processing file /opt/airflow/dags/scripts/steam_ingestion_dag.py for tasks to queue
[2026-04-26T23:30:36.045+0000] {logging_mixin.py:188} INFO - [2026-04-26T23:30:36.045+0000] {dagbag.py:545} INFO - Filling up the DagBag from /opt/airflow/dags/scripts/steam_ingestion_dag.py
[2026-04-26T23:30:36.049+0000] {processor.py:840} INFO - DAG(s) 'steam_ingestion_dag' retrieved from /opt/airflow/dags/scripts/steam_ingestion_dag.py
[2026-04-26T23:30:36.060+0000] {logging_mixin.py:188} INFO - [2026-04-26T23:30:36.060+0000] {dag.py:3096} INFO - Sync 1 DAGs
[2026-04-26T23:30:36.075+0000] {logging_mixin.py:188} INFO - [2026-04-26T23:30:36.074+0000] {dag.py:3954} INFO - Setting next_dagrun for steam_ingestion_dag to 2026-04-26 08:00:00+00:00, run_after=2026-04-26 16:00:00+00:00
[2026-04-26T23:30:36.085+0000] {processor.py:183} INFO - Processing /opt/airflow/dags/scripts/steam_ingestion_dag.py took 0.064 seconds
[2026-04-26T23:31:06.789+0000] {processor.py:161} INFO - Started process (PID=2692) to work on /opt/airflow/dags/scripts/steam_ingestion_dag.py
[2026-04-26T23:31:06.789+0000] {processor.py:830} INFO - Processing file /opt/airflow/dags/scripts/steam_ingestion_dag.py for tasks to queue
[2026-04-26T23:31:06.791+0000] {logging_mixin.py:188} INFO - [2026-04-26T23:31:06.790+0000] {dagbag.py:545} INFO - Filling up the DagBag from /opt/airflow/dags/scripts/steam_ingestion_dag.py
[2026-04-26T23:31:06.795+0000] {processor.py:840} INFO - DAG(s) 'steam_ingestion_dag' retrieved from /opt/airflow/dags/scripts/steam_ingestion_dag.py
[2026-04-26T23:31:06.809+0000] {logging_mixin.py:188} INFO - [2026-04-26T23:31:06.809+0000] {dag.py:3096} INFO - Sync 1 DAGs
[2026-04-26T23:31:06.826+0000] {logging_mixin.py:188} INFO - [2026-04-26T23:31:06.826+0000] {dag.py:3954} INFO - Setting next_dagrun for steam_ingestion_dag to 2026-04-26 08:00:00+00:00, run_after=2026-04-26 16:00:00+00:00
[2026-04-26T23:31:06.840+0000] {processor.py:183} INFO - Processing /opt/airflow/dags/scripts/steam_ingestion_dag.py took 0.056 seconds
[2026-04-26T23:31:37.510+0000] {processor.py:161} INFO - Started process (PID=2751) to work on /opt/airflow/dags/scripts/steam_ingestion_dag.py
[2026-04-26T23:31:37.529+0000] {processor.py:830} INFO - Processing file /opt/airflow/dags/scripts/steam_ingestion_dag.py for tasks to queue
[2026-04-26T23:31:37.531+0000] {logging_mixin.py:188} INFO - [2026-04-26T23:31:37.531+0000] {dagbag.py:545} INFO - Filling up the DagBag from /opt/airflow/dags/scripts/steam_ingestion_dag.py
[2026-04-26T23:31:37.535+0000] {processor.py:840} INFO - DAG(s) 'steam_ingestion_dag' retrieved from /opt/airflow/dags/scripts/steam_ingestion_dag.py
[2026-04-26T23:31:37.549+0000] {logging_mixin.py:188} INFO - [2026-04-26T23:31:37.549+0000] {dag.py:3096} INFO - Sync 1 DAGs
[2026-04-26T23:31:37.566+0000] {logging_mixin.py:188} INFO - [2026-04-26T23:31:37.566+0000] {dag.py:3954} INFO - Setting next_dagrun for steam_ingestion_dag to 2026-04-26 08:00:00+00:00, run_after=2026-04-26 16:00:00+00:00
[2026-04-26T23:31:37.579+0000] {processor.py:183} INFO - Processing /opt/airflow/dags/scripts/steam_ingestion_dag.py took 0.074 seconds
[2026-04-26T23:32:08.251+0000] {processor.py:161} INFO - Started process (PID=2810) to work on /opt/airflow/dags/scripts/steam_ingestion_dag.py
[2026-04-26T23:32:08.251+0000] {processor.py:830} INFO - Processing file /opt/airflow/dags/scripts/steam_ingestion_dag.py for tasks to queue
[2026-04-26T23:32:08.253+0000] {logging_mixin.py:188} INFO - [2026-04-26T23:32:08.252+0000] {dagbag.py:545} INFO - Filling up the DagBag from /opt/airflow/dags/scripts/steam_ingestion_dag.py
[2026-04-26T23:32:08.257+0000] {processor.py:840} INFO - DAG(s) 'steam_ingestion_dag' retrieved from /opt/airflow/dags/scripts/steam_ingestion_dag.py
[2026-04-26T23:32:08.270+0000] {logging_mixin.py:188} INFO - [2026-04-26T23:32:08.270+0000] {dag.py:3096} INFO - Sync 1 DAGs
[2026-04-26T23:32:08.286+0000] {logging_mixin.py:188} INFO - [2026-04-26T23:32:08.286+0000] {dag.py:3954} INFO - Setting next_dagrun for steam_ingestion_dag to 2026-04-26 08:00:00+00:00, run_after=2026-04-26 16:00:00+00:00
[2026-04-26T23:32:08.298+0000] {processor.py:183} INFO - Processing /opt/airflow/dags/scripts/steam_ingestion_dag.py took 0.052 seconds
[2026-04-26T23:32:38.461+0000] {processor.py:161} INFO - Started process (PID=2869) to work on /opt/airflow/dags/scripts/steam_ingestion_dag.py
[2026-04-26T23:32:38.481+0000] {processor.py:830} INFO - Processing file /opt/airflow/dags/scripts/steam_ingestion_dag.py for tasks to queue
[2026-04-26T23:32:38.484+0000] {logging_mixin.py:188} INFO - [2026-04-26T23:32:38.483+0000] {dagbag.py:545} INFO - Filling up the DagBag from /opt/airflow/dags/scripts/steam_ingestion_dag.py
[2026-04-26T23:32:38.488+0000] {processor.py:840} INFO - DAG(s) 'steam_ingestion_dag' retrieved from /opt/airflow/dags/scripts/steam_ingestion_dag.py
[2026-04-26T23:32:38.501+0000] {logging_mixin.py:188} INFO - [2026-04-26T23:32:38.501+0000] {dag.py:3096} INFO - Sync 1 DAGs
[2026-04-26T23:32:38.516+0000] {logging_mixin.py:188} INFO - [2026-04-26T23:32:38.516+0000] {dag.py:3954} INFO - Setting next_dagrun for steam_ingestion_dag to 2026-04-26 08:00:00+00:00, run_after=2026-04-26 16:00:00+00:00
[2026-04-26T23:32:38.528+0000] {processor.py:183} INFO - Processing /opt/airflow/dags/scripts/steam_ingestion_dag.py took 0.072 seconds
[2026-04-26T23:33:08.744+0000] {processor.py:161} INFO - Started process (PID=2928) to work on /opt/airflow/dags/scripts/steam_ingestion_dag.py
[2026-04-26T23:33:08.744+0000] {processor.py:830} INFO - Processing file /opt/airflow/dags/scripts/steam_ingestion_dag.py for tasks to queue
[2026-04-26T23:33:08.746+0000] {logging_mixin.py:188} INFO - [2026-04-26T23:33:08.746+0000] {dagbag.py:545} INFO - Filling up the DagBag from /opt/airflow/dags/scripts/steam_ingestion_dag.py
[2026-04-26T23:33:08.749+0000] {processor.py:840} INFO - DAG(s) 'steam_ingestion_dag' retrieved from /opt/airflow/dags/scripts/steam_ingestion_dag.py
[2026-04-26T23:33:08.761+0000] {logging_mixin.py:188} INFO - [2026-04-26T23:33:08.761+0000] {dag.py:3096} INFO - Sync 1 DAGs
[2026-04-26T23:33:08.774+0000] {logging_mixin.py:188} INFO - [2026-04-26T23:33:08.774+0000] {dag.py:3954} INFO - Setting next_dagrun for steam_ingestion_dag to 2026-04-26 08:00:00+00:00, run_after=2026-04-26 16:00:00+00:00
[2026-04-26T23:33:08.786+0000] {processor.py:183} INFO - Processing /opt/airflow/dags/scripts/steam_ingestion_dag.py took 0.046 seconds
[2026-04-26T23:33:39.624+0000] {processor.py:161} INFO - Started process (PID=2991) to work on /opt/airflow/dags/scripts/steam_ingestion_dag.py
[2026-04-26T23:33:39.647+0000] {processor.py:830} INFO - Processing file /opt/airflow/dags/scripts/steam_ingestion_dag.py for tasks to queue
[2026-04-26T23:33:39.649+0000] {logging_mixin.py:188} INFO - [2026-04-26T23:33:39.649+0000] {dagbag.py:545} INFO - Filling up the DagBag from /opt/airflow/dags/scripts/steam_ingestion_dag.py
[2026-04-26T23:33:39.652+0000] {processor.py:840} INFO - DAG(s) 'steam_ingestion_dag' retrieved from /opt/airflow/dags/scripts/steam_ingestion_dag.py
[2026-04-26T23:33:39.663+0000] {logging_mixin.py:188} INFO - [2026-04-26T23:33:39.663+0000] {dag.py:3096} INFO - Sync 1 DAGs
[2026-04-26T23:33:39.675+0000] {logging_mixin.py:188} INFO - [2026-04-26T23:33:39.675+0000] {dag.py:3954} INFO - Setting next_dagrun for steam_ingestion_dag to 2026-04-26 16:00:00+00:00, run_after=2026-04-27 00:00:00+00:00
[2026-04-26T23:33:39.684+0000] {processor.py:183} INFO - Processing /opt/airflow/dags/scripts/steam_ingestion_dag.py took 0.064 seconds
[2026-04-26T23:34:09.711+0000] {processor.py:161} INFO - Started process (PID=3050) to work on /opt/airflow/dags/scripts/steam_ingestion_dag.py
[2026-04-26T23:34:09.712+0000] {processor.py:830} INFO - Processing file /opt/airflow/dags/scripts/steam_ingestion_dag.py for tasks to queue
[2026-04-26T23:34:09.713+0000] {logging_mixin.py:188} INFO - [2026-04-26T23:34:09.713+0000] {dagbag.py:545} INFO - Filling up the DagBag from /opt/airflow/dags/scripts/steam_ingestion_dag.py
[2026-04-26T23:34:09.716+0000] {processor.py:840} INFO - DAG(s) 'steam_ingestion_dag' retrieved from /opt/airflow/dags/scripts/steam_ingestion_dag.py
[2026-04-26T23:34:09.727+0000] {logging_mixin.py:188} INFO - [2026-04-26T23:34:09.726+0000] {dag.py:3096} INFO - Sync 1 DAGs
[2026-04-26T23:34:09.739+0000] {logging_mixin.py:188} INFO - [2026-04-26T23:34:09.739+0000] {dag.py:3954} INFO - Setting next_dagrun for steam_ingestion_dag to 2026-04-26 16:00:00+00:00, run_after=2026-04-27 00:00:00+00:00
[2026-04-26T23:34:09.749+0000] {processor.py:183} INFO - Processing /opt/airflow/dags/scripts/steam_ingestion_dag.py took 0.041 seconds
[2026-04-26T23:34:39.871+0000] {processor.py:161} INFO - Started process (PID=3109) to work on /opt/airflow/dags/scripts/steam_ingestion_dag.py
[2026-04-26T23:34:39.872+0000] {processor.py:830} INFO - Processing file /opt/airflow/dags/scripts/steam_ingestion_dag.py for tasks to queue
[2026-04-26T23:34:39.874+0000] {logging_mixin.py:188} INFO - [2026-04-26T23:34:39.873+0000] {dagbag.py:545} INFO - Filling up the DagBag from /opt/airflow/dags/scripts/steam_ingestion_dag.py
[2026-04-26T23:34:39.877+0000] {processor.py:840} INFO - DAG(s) 'steam_ingestion_dag' retrieved from /opt/airflow/dags/scripts/steam_ingestion_dag.py
[2026-04-26T23:34:39.888+0000] {logging_mixin.py:188} INFO - [2026-04-26T23:34:39.888+0000] {dag.py:3096} INFO - Sync 1 DAGs
[2026-04-26T23:34:39.899+0000] {logging_mixin.py:188} INFO - [2026-04-26T23:34:39.899+0000] {dag.py:3954} INFO - Setting next_dagrun for steam_ingestion_dag to 2026-04-26 16:00:00+00:00, run_after=2026-04-27 00:00:00+00:00
[2026-04-26T23:34:39.909+0000] {processor.py:183} INFO - Processing /opt/airflow/dags/scripts/steam_ingestion_dag.py took 0.041 seconds
[2026-04-26T23:35:10.737+0000] {processor.py:161} INFO - Started process (PID=3168) to work on /opt/airflow/dags/scripts/steam_ingestion_dag.py
[2026-04-26T23:35:10.738+0000] {processor.py:830} INFO - Processing file /opt/airflow/dags/scripts/steam_ingestion_dag.py for tasks to queue
[2026-04-26T23:35:10.739+0000] {logging_mixin.py:188} INFO - [2026-04-26T23:35:10.739+0000] {dagbag.py:545} INFO - Filling up the DagBag from /opt/airflow/dags/scripts/steam_ingestion_dag.py
[2026-04-26T23:35:10.743+0000] {processor.py:840} INFO - DAG(s) 'steam_ingestion_dag' retrieved from /opt/airflow/dags/scripts/steam_ingestion_dag.py
[2026-04-26T23:35:10.754+0000] {logging_mixin.py:188} INFO - [2026-04-26T23:35:10.754+0000] {dag.py:3096} INFO - Sync 1 DAGs
[2026-04-26T23:35:10.767+0000] {logging_mixin.py:188} INFO - [2026-04-26T23:35:10.766+0000] {dag.py:3954} INFO - Setting next_dagrun for steam_ingestion_dag to 2026-04-26 16:00:00+00:00, run_after=2026-04-27 00:00:00+00:00
[2026-04-26T23:35:10.776+0000] {processor.py:183} INFO - Processing /opt/airflow/dags/scripts/steam_ingestion_dag.py took 0.043 seconds
[2026-04-26T23:35:41.366+0000] {processor.py:161} INFO - Started process (PID=3227) to work on /opt/airflow/dags/scripts/steam_ingestion_dag.py
[2026-04-26T23:35:41.384+0000] {processor.py:830} INFO - Processing file /opt/airflow/dags/scripts/steam_ingestion_dag.py for tasks to queue
[2026-04-26T23:35:41.385+0000] {logging_mixin.py:188} INFO - [2026-04-26T23:35:41.385+0000] {dagbag.py:545} INFO - Filling up the DagBag from /opt/airflow/dags/scripts/steam_ingestion_dag.py
[2026-04-26T23:35:41.389+0000] {processor.py:840} INFO - DAG(s) 'steam_ingestion_dag' retrieved from /opt/airflow/dags/scripts/steam_ingestion_dag.py
[2026-04-26T23:35:41.401+0000] {logging_mixin.py:188} INFO - [2026-04-26T23:35:41.400+0000] {dag.py:3096} INFO - Sync 1 DAGs
[2026-04-26T23:35:41.414+0000] {logging_mixin.py:188} INFO - [2026-04-26T23:35:41.414+0000] {dag.py:3954} INFO - Setting next_dagrun for steam_ingestion_dag to 2026-04-26 16:00:00+00:00, run_after=2026-04-27 00:00:00+00:00
[2026-04-26T23:35:41.425+0000] {processor.py:183} INFO - Processing /opt/airflow/dags/scripts/steam_ingestion_dag.py took 0.063 seconds
[2026-04-26T23:36:12.177+0000] {processor.py:161} INFO - Started process (PID=3286) to work on /opt/airflow/dags/scripts/steam_ingestion_dag.py
[2026-04-26T23:36:12.178+0000] {processor.py:830} INFO - Processing file /opt/airflow/dags/scripts/steam_ingestion_dag.py for tasks to queue
[2026-04-26T23:36:12.179+0000] {logging_mixin.py:188} INFO - [2026-04-26T23:36:12.179+0000] {dagbag.py:545} INFO - Filling up the DagBag from /opt/airflow/dags/scripts/steam_ingestion_dag.py
[2026-04-26T23:36:12.182+0000] {processor.py:840} INFO - DAG(s) 'steam_ingestion_dag' retrieved from /opt/airflow/dags/scripts/steam_ingestion_dag.py
[2026-04-26T23:36:12.194+0000] {logging_mixin.py:188} INFO - [2026-04-26T23:36:12.193+0000] {dag.py:3096} INFO - Sync 1 DAGs
[2026-04-26T23:36:12.208+0000] {logging_mixin.py:188} INFO - [2026-04-26T23:36:12.207+0000] {dag.py:3954} INFO - Setting next_dagrun for steam_ingestion_dag to 2026-04-26 16:00:00+00:00, run_after=2026-04-27 00:00:00+00:00
[2026-04-26T23:36:12.218+0000] {processor.py:183} INFO - Processing /opt/airflow/dags/scripts/steam_ingestion_dag.py took 0.044 seconds
[2026-04-26T23:36:42.821+0000] {processor.py:161} INFO - Started process (PID=3345) to work on /opt/airflow/dags/scripts/steam_ingestion_dag.py
[2026-04-26T23:36:42.827+0000] {processor.py:830} INFO - Processing file /opt/airflow/dags/scripts/steam_ingestion_dag.py for tasks to queue
[2026-04-26T23:36:42.829+0000] {logging_mixin.py:188} INFO - [2026-04-26T23:36:42.829+0000] {dagbag.py:545} INFO - Filling up the DagBag from /opt/airflow/dags/scripts/steam_ingestion_dag.py
[2026-04-26T23:36:42.832+0000] {processor.py:840} INFO - DAG(s) 'steam_ingestion_dag' retrieved from /opt/airflow/dags/scripts/steam_ingestion_dag.py
[2026-04-26T23:36:42.844+0000] {logging_mixin.py:188} INFO - [2026-04-26T23:36:42.843+0000] {dag.py:3096} INFO - Sync 1 DAGs
[2026-04-26T23:36:42.856+0000] {logging_mixin.py:188} INFO - [2026-04-26T23:36:42.856+0000] {dag.py:3954} INFO - Setting next_dagrun for steam_ingestion_dag to 2026-04-26 16:00:00+00:00, run_after=2026-04-27 00:00:00+00:00
[2026-04-26T23:36:42.867+0000] {processor.py:183} INFO - Processing /opt/airflow/dags/scripts/steam_ingestion_dag.py took 0.050 seconds
[2026-04-26T23:37:13.583+0000] {processor.py:161} INFO - Started process (PID=3404) to work on /opt/airflow/dags/scripts/steam_ingestion_dag.py
[2026-04-26T23:37:13.583+0000] {processor.py:830} INFO - Processing file /opt/airflow/dags/scripts/steam_ingestion_dag.py for tasks to queue
[2026-04-26T23:37:13.585+0000] {logging_mixin.py:188} INFO - [2026-04-26T23:37:13.585+0000] {dagbag.py:545} INFO - Filling up the DagBag from /opt/airflow/dags/scripts/steam_ingestion_dag.py
[2026-04-26T23:37:13.589+0000] {processor.py:840} INFO - DAG(s) 'steam_ingestion_dag' retrieved from /opt/airflow/dags/scripts/steam_ingestion_dag.py
[2026-04-26T23:37:13.602+0000] {logging_mixin.py:188} INFO - [2026-04-26T23:37:13.602+0000] {dag.py:3096} INFO - Sync 1 DAGs
[2026-04-26T23:37:13.617+0000] {logging_mixin.py:188} INFO - [2026-04-26T23:37:13.617+0000] {dag.py:3954} INFO - Setting next_dagrun for steam_ingestion_dag to 2026-04-26 16:00:00+00:00, run_after=2026-04-27 00:00:00+00:00
[2026-04-26T23:37:13.630+0000] {processor.py:183} INFO - Processing /opt/airflow/dags/scripts/steam_ingestion_dag.py took 0.051 seconds
[2026-04-26T23:37:44.324+0000] {processor.py:161} INFO - Started process (PID=3463) to work on /opt/airflow/dags/scripts/steam_ingestion_dag.py
[2026-04-26T23:37:44.332+0000] {processor.py:830} INFO - Processing file /opt/airflow/dags/scripts/steam_ingestion_dag.py for tasks to queue
[2026-04-26T23:37:44.334+0000] {logging_mixin.py:188} INFO - [2026-04-26T23:37:44.333+0000] {dagbag.py:545} INFO - Filling up the DagBag from /opt/airflow/dags/scripts/steam_ingestion_dag.py
[2026-04-26T23:37:44.337+0000] {processor.py:840} INFO - DAG(s) 'steam_ingestion_dag' retrieved from /opt/airflow/dags/scripts/steam_ingestion_dag.py
[2026-04-26T23:37:44.348+0000] {logging_mixin.py:188} INFO - [2026-04-26T23:37:44.348+0000] {dag.py:3096} INFO - Sync 1 DAGs
[2026-04-26T23:37:44.362+0000] {logging_mixin.py:188} INFO - [2026-04-26T23:37:44.362+0000] {dag.py:3954} INFO - Setting next_dagrun for steam_ingestion_dag to 2026-04-26 16:00:00+00:00, run_after=2026-04-27 00:00:00+00:00
[2026-04-26T23:37:44.372+0000] {processor.py:183} INFO - Processing /opt/airflow/dags/scripts/steam_ingestion_dag.py took 0.052 seconds
[2026-04-26T23:38:15.087+0000] {processor.py:161} INFO - Started process (PID=3522) to work on /opt/airflow/dags/scripts/steam_ingestion_dag.py
[2026-04-26T23:38:15.087+0000] {processor.py:830} INFO - Processing file /opt/airflow/dags/scripts/steam_ingestion_dag.py for tasks to queue
[2026-04-26T23:38:15.089+0000] {logging_mixin.py:188} INFO - [2026-04-26T23:38:15.089+0000] {dagbag.py:545} INFO - Filling up the DagBag from /opt/airflow/dags/scripts/steam_ingestion_dag.py
[2026-04-26T23:38:15.093+0000] {processor.py:840} INFO - DAG(s) 'steam_ingestion_dag' retrieved from /opt/airflow/dags/scripts/steam_ingestion_dag.py
[2026-04-26T23:38:15.106+0000] {logging_mixin.py:188} INFO - [2026-04-26T23:38:15.106+0000] {dag.py:3096} INFO - Sync 1 DAGs
[2026-04-26T23:38:15.122+0000] {logging_mixin.py:188} INFO - [2026-04-26T23:38:15.122+0000] {dag.py:3954} INFO - Setting next_dagrun for steam_ingestion_dag to 2026-04-26 16:00:00+00:00, run_after=2026-04-27 00:00:00+00:00
[2026-04-26T23:38:15.133+0000] {processor.py:183} INFO - Processing /opt/airflow/dags/scripts/steam_ingestion_dag.py took 0.051 seconds
[2026-04-26T23:38:45.881+0000] {processor.py:161} INFO - Started process (PID=64) to work on /opt/airflow/dags/scripts/steam_ingestion_dag.py
[2026-04-26T23:38:45.881+0000] {processor.py:830} INFO - Processing file /opt/airflow/dags/scripts/steam_ingestion_dag.py for tasks to queue
[2026-04-26T23:38:45.882+0000] {logging_mixin.py:188} INFO - [2026-04-26T23:38:45.882+0000] {dagbag.py:545} INFO - Filling up the DagBag from /opt/airflow/dags/scripts/steam_ingestion_dag.py
[2026-04-26T23:38:45.920+0000] {processor.py:840} INFO - DAG(s) 'steam_ingestion_dag' retrieved from /opt/airflow/dags/scripts/steam_ingestion_dag.py
[2026-04-26T23:38:46.138+0000] {logging_mixin.py:188} INFO - [2026-04-26T23:38:46.138+0000] {dag.py:3096} INFO - Sync 1 DAGs
[2026-04-26T23:38:46.148+0000] {logging_mixin.py:188} INFO - [2026-04-26T23:38:46.148+0000] {dag.py:3954} INFO - Setting next_dagrun for steam_ingestion_dag to 2026-04-26 16:00:00+00:00, run_after=2026-04-27 00:00:00+00:00
[2026-04-26T23:38:46.157+0000] {processor.py:183} INFO - Processing /opt/airflow/dags/scripts/steam_ingestion_dag.py took 0.279 seconds
[2026-04-26T23:39:16.614+0000] {processor.py:161} INFO - Started process (PID=123) to work on /opt/airflow/dags/scripts/steam_ingestion_dag.py
[2026-04-26T23:39:16.614+0000] {processor.py:830} INFO - Processing file /opt/airflow/dags/scripts/steam_ingestion_dag.py for tasks to queue
[2026-04-26T23:39:16.616+0000] {logging_mixin.py:188} INFO - [2026-04-26T23:39:16.615+0000] {dagbag.py:545} INFO - Filling up the DagBag from /opt/airflow/dags/scripts/steam_ingestion_dag.py
[2026-04-26T23:39:16.619+0000] {processor.py:840} INFO - DAG(s) 'steam_ingestion_dag' retrieved from /opt/airflow/dags/scripts/steam_ingestion_dag.py
[2026-04-26T23:39:16.629+0000] {logging_mixin.py:188} INFO - [2026-04-26T23:39:16.629+0000] {dag.py:3096} INFO - Sync 1 DAGs
[2026-04-26T23:39:16.640+0000] {logging_mixin.py:188} INFO - [2026-04-26T23:39:16.640+0000] {dag.py:3954} INFO - Setting next_dagrun for steam_ingestion_dag to 2026-04-26 16:00:00+00:00, run_after=2026-04-27 00:00:00+00:00
[2026-04-26T23:39:16.649+0000] {processor.py:183} INFO - Processing /opt/airflow/dags/scripts/steam_ingestion_dag.py took 0.039 seconds
[2026-04-26T23:39:47.471+0000] {processor.py:161} INFO - Started process (PID=188) to work on /opt/airflow/dags/scripts/steam_ingestion_dag.py
[2026-04-26T23:39:47.474+0000] {processor.py:830} INFO - Processing file /opt/airflow/dags/scripts/steam_ingestion_dag.py for tasks to queue
[2026-04-26T23:39:47.475+0000] {logging_mixin.py:188} INFO - [2026-04-26T23:39:47.475+0000] {dagbag.py:545} INFO - Filling up the DagBag from /opt/airflow/dags/scripts/steam_ingestion_dag.py
[2026-04-26T23:39:47.478+0000] {processor.py:840} INFO - DAG(s) 'steam_ingestion_dag' retrieved from /opt/airflow/dags/scripts/steam_ingestion_dag.py
[2026-04-26T23:39:47.490+0000] {logging_mixin.py:188} INFO - [2026-04-26T23:39:47.490+0000] {dag.py:3096} INFO - Sync 1 DAGs
[2026-04-26T23:39:47.503+0000] {logging_mixin.py:188} INFO - [2026-04-26T23:39:47.503+0000] {dag.py:3954} INFO - Setting next_dagrun for steam_ingestion_dag to 2026-04-26 16:00:00+00:00, run_after=2026-04-27 00:00:00+00:00
[2026-04-26T23:39:47.513+0000] {processor.py:183} INFO - Processing /opt/airflow/dags/scripts/steam_ingestion_dag.py took 0.046 seconds
[2026-04-26T23:40:18.247+0000] {processor.py:161} INFO - Started process (PID=247) to work on /opt/airflow/dags/scripts/steam_ingestion_dag.py
[2026-04-26T23:40:18.247+0000] {processor.py:830} INFO - Processing file /opt/airflow/dags/scripts/steam_ingestion_dag.py for tasks to queue
[2026-04-26T23:40:18.249+0000] {logging_mixin.py:188} INFO - [2026-04-26T23:40:18.249+0000] {dagbag.py:545} INFO - Filling up the DagBag from /opt/airflow/dags/scripts/steam_ingestion_dag.py
[2026-04-26T23:40:18.253+0000] {processor.py:840} INFO - DAG(s) 'steam_ingestion_dag' retrieved from /opt/airflow/dags/scripts/steam_ingestion_dag.py
[2026-04-26T23:40:18.266+0000] {logging_mixin.py:188} INFO - [2026-04-26T23:40:18.266+0000] {dag.py:3096} INFO - Sync 1 DAGs
[2026-04-26T23:40:18.282+0000] {logging_mixin.py:188} INFO - [2026-04-26T23:40:18.282+0000] {dag.py:3954} INFO - Setting next_dagrun for steam_ingestion_dag to 2026-04-26 16:00:00+00:00, run_after=2026-04-27 00:00:00+00:00
[2026-04-26T23:40:18.294+0000] {processor.py:183} INFO - Processing /opt/airflow/dags/scripts/steam_ingestion_dag.py took 0.052 seconds
[2026-04-26T23:40:49.246+0000] {processor.py:161} INFO - Started process (PID=306) to work on /opt/airflow/dags/scripts/steam_ingestion_dag.py
[2026-04-26T23:40:49.250+0000] {processor.py:830} INFO - Processing file /opt/airflow/dags/scripts/steam_ingestion_dag.py for tasks to queue
[2026-04-26T23:40:49.252+0000] {logging_mixin.py:188} INFO - [2026-04-26T23:40:49.251+0000] {dagbag.py:545} INFO - Filling up the DagBag from /opt/airflow/dags/scripts/steam_ingestion_dag.py
[2026-04-26T23:40:49.256+0000] {processor.py:840} INFO - DAG(s) 'steam_ingestion_dag' retrieved from /opt/airflow/dags/scripts/steam_ingestion_dag.py
[2026-04-26T23:40:49.268+0000] {logging_mixin.py:188} INFO - [2026-04-26T23:40:49.268+0000] {dag.py:3096} INFO - Sync 1 DAGs
[2026-04-26T23:40:49.284+0000] {logging_mixin.py:188} INFO - [2026-04-26T23:40:49.284+0000] {dag.py:3954} INFO - Setting next_dagrun for steam_ingestion_dag to 2026-04-26 16:00:00+00:00, run_after=2026-04-27 00:00:00+00:00
[2026-04-26T23:40:49.296+0000] {processor.py:183} INFO - Processing /opt/airflow/dags/scripts/steam_ingestion_dag.py took 0.055 seconds
[2026-04-26T23:41:20.155+0000] {processor.py:161} INFO - Started process (PID=365) to work on /opt/airflow/dags/scripts/steam_ingestion_dag.py
[2026-04-26T23:41:20.160+0000] {processor.py:830} INFO - Processing file /opt/airflow/dags/scripts/steam_ingestion_dag.py for tasks to queue
[2026-04-26T23:41:20.161+0000] {logging_mixin.py:188} INFO - [2026-04-26T23:41:20.161+0000] {dagbag.py:545} INFO - Filling up the DagBag from /opt/airflow/dags/scripts/steam_ingestion_dag.py
[2026-04-26T23:41:20.164+0000] {processor.py:840} INFO - DAG(s) 'steam_ingestion_dag' retrieved from /opt/airflow/dags/scripts/steam_ingestion_dag.py
[2026-04-26T23:41:20.177+0000] {logging_mixin.py:188} INFO - [2026-04-26T23:41:20.177+0000] {dag.py:3096} INFO - Sync 1 DAGs
[2026-04-26T23:41:20.190+0000] {logging_mixin.py:188} INFO - [2026-04-26T23:41:20.189+0000] {dag.py:3954} INFO - Setting next_dagrun for steam_ingestion_dag to 2026-04-26 16:00:00+00:00, run_after=2026-04-27 00:00:00+00:00
[2026-04-26T23:41:20.199+0000] {processor.py:183} INFO - Processing /opt/airflow/dags/scripts/steam_ingestion_dag.py took 0.048 seconds
[2026-04-26T23:41:50.259+0000] {processor.py:161} INFO - Started process (PID=424) to work on /opt/airflow/dags/scripts/steam_ingestion_dag.py
[2026-04-26T23:41:50.260+0000] {processor.py:830} INFO - Processing file /opt/airflow/dags/scripts/steam_ingestion_dag.py for tasks to queue
[2026-04-26T23:41:50.261+0000] {logging_mixin.py:188} INFO - [2026-04-26T23:41:50.261+0000] {dagbag.py:545} INFO - Filling up the DagBag from /opt/airflow/dags/scripts/steam_ingestion_dag.py
[2026-04-26T23:41:50.266+0000] {processor.py:840} INFO - DAG(s) 'steam_ingestion_dag' retrieved from /opt/airflow/dags/scripts/steam_ingestion_dag.py
[2026-04-26T23:41:50.280+0000] {logging_mixin.py:188} INFO - [2026-04-26T23:41:50.280+0000] {dag.py:3096} INFO - Sync 1 DAGs
[2026-04-26T23:41:50.297+0000] {logging_mixin.py:188} INFO - [2026-04-26T23:41:50.297+0000] {dag.py:3954} INFO - Setting next_dagrun for steam_ingestion_dag to 2026-04-26 16:00:00+00:00, run_after=2026-04-27 00:00:00+00:00
[2026-04-26T23:41:50.323+0000] {processor.py:183} INFO - Processing /opt/airflow/dags/scripts/steam_ingestion_dag.py took 0.069 seconds
[2026-04-26T23:42:20.428+0000] {processor.py:161} INFO - Started process (PID=483) to work on /opt/airflow/dags/scripts/steam_ingestion_dag.py
[2026-04-26T23:42:20.434+0000] {processor.py:830} INFO - Processing file /opt/airflow/dags/scripts/steam_ingestion_dag.py for tasks to queue
[2026-04-26T23:42:20.435+0000] {logging_mixin.py:188} INFO - [2026-04-26T23:42:20.435+0000] {dagbag.py:545} INFO - Filling up the DagBag from /opt/airflow/dags/scripts/steam_ingestion_dag.py
[2026-04-26T23:42:20.438+0000] {processor.py:840} INFO - DAG(s) 'steam_ingestion_dag' retrieved from /opt/airflow/dags/scripts/steam_ingestion_dag.py
[2026-04-26T23:42:20.450+0000] {logging_mixin.py:188} INFO - [2026-04-26T23:42:20.450+0000] {dag.py:3096} INFO - Sync 1 DAGs
[2026-04-26T23:42:20.463+0000] {logging_mixin.py:188} INFO - [2026-04-26T23:42:20.463+0000] {dag.py:3954} INFO - Setting next_dagrun for steam_ingestion_dag to 2026-04-26 16:00:00+00:00, run_after=2026-04-27 00:00:00+00:00
[2026-04-26T23:42:20.473+0000] {processor.py:183} INFO - Processing /opt/airflow/dags/scripts/steam_ingestion_dag.py took 0.049 seconds
[2026-04-26T23:42:50.637+0000] {processor.py:161} INFO - Started process (PID=542) to work on /opt/airflow/dags/scripts/steam_ingestion_dag.py
[2026-04-26T23:42:50.651+0000] {processor.py:830} INFO - Processing file /opt/airflow/dags/scripts/steam_ingestion_dag.py for tasks to queue
[2026-04-26T23:42:50.653+0000] {logging_mixin.py:188} INFO - [2026-04-26T23:42:50.652+0000] {dagbag.py:545} INFO - Filling up the DagBag from /opt/airflow/dags/scripts/steam_ingestion_dag.py
[2026-04-26T23:42:50.656+0000] {processor.py:840} INFO - DAG(s) 'steam_ingestion_dag' retrieved from /opt/airflow/dags/scripts/steam_ingestion_dag.py
[2026-04-26T23:42:50.667+0000] {logging_mixin.py:188} INFO - [2026-04-26T23:42:50.667+0000] {dag.py:3096} INFO - Sync 1 DAGs
[2026-04-26T23:42:50.681+0000] {logging_mixin.py:188} INFO - [2026-04-26T23:42:50.681+0000] {dag.py:3954} INFO - Setting next_dagrun for steam_ingestion_dag to 2026-04-26 16:00:00+00:00, run_after=2026-04-27 00:00:00+00:00
[2026-04-26T23:42:50.691+0000] {processor.py:183} INFO - Processing /opt/airflow/dags/scripts/steam_ingestion_dag.py took 0.058 seconds
[2026-04-26T23:43:20.402+0000] {processor.py:161} INFO - Started process (PID=64) to work on /opt/airflow/dags/scripts/steam_ingestion_dag.py
[2026-04-26T23:43:20.403+0000] {processor.py:830} INFO - Processing file /opt/airflow/dags/scripts/steam_ingestion_dag.py for tasks to queue
[2026-04-26T23:43:20.404+0000] {logging_mixin.py:188} INFO - [2026-04-26T23:43:20.404+0000] {dagbag.py:545} INFO - Filling up the DagBag from /opt/airflow/dags/scripts/steam_ingestion_dag.py
[2026-04-26T23:43:20.427+0000] {processor.py:840} INFO - DAG(s) 'steam_ingestion_dag' retrieved from /opt/airflow/dags/scripts/steam_ingestion_dag.py
[2026-04-26T23:43:20.630+0000] {logging_mixin.py:188} INFO - [2026-04-26T23:43:20.629+0000] {dag.py:3096} INFO - Sync 1 DAGs
[2026-04-26T23:43:20.640+0000] {logging_mixin.py:188} INFO - [2026-04-26T23:43:20.640+0000] {dag.py:3954} INFO - Setting next_dagrun for steam_ingestion_dag to 2026-04-26 16:00:00+00:00, run_after=2026-04-27 00:00:00+00:00
[2026-04-26T23:43:20.648+0000] {processor.py:183} INFO - Processing /opt/airflow/dags/scripts/steam_ingestion_dag.py took 0.250 seconds
[2026-04-26T23:43:51.324+0000] {processor.py:161} INFO - Started process (PID=129) to work on /opt/airflow/dags/scripts/steam_ingestion_dag.py
[2026-04-26T23:43:51.344+0000] {processor.py:830} INFO - Processing file /opt/airflow/dags/scripts/steam_ingestion_dag.py for tasks to queue
[2026-04-26T23:43:51.345+0000] {logging_mixin.py:188} INFO - [2026-04-26T23:43:51.345+0000] {dagbag.py:545} INFO - Filling up the DagBag from /opt/airflow/dags/scripts/steam_ingestion_dag.py
[2026-04-26T23:43:51.348+0000] {processor.py:840} INFO - DAG(s) 'steam_ingestion_dag' retrieved from /opt/airflow/dags/scripts/steam_ingestion_dag.py
[2026-04-26T23:43:51.358+0000] {logging_mixin.py:188} INFO - [2026-04-26T23:43:51.358+0000] {dag.py:3096} INFO - Sync 1 DAGs
[2026-04-26T23:43:51.369+0000] {logging_mixin.py:188} INFO - [2026-04-26T23:43:51.369+0000] {dag.py:3954} INFO - Setting next_dagrun for steam_ingestion_dag to 2026-04-26 16:00:00+00:00, run_after=2026-04-27 00:00:00+00:00
[2026-04-26T23:43:51.377+0000] {processor.py:183} INFO - Processing /opt/airflow/dags/scripts/steam_ingestion_dag.py took 0.056 seconds
[2026-04-26T23:44:21.651+0000] {processor.py:161} INFO - Started process (PID=188) to work on /opt/airflow/dags/scripts/steam_ingestion_dag.py
[2026-04-26T23:44:21.651+0000] {processor.py:830} INFO - Processing file /opt/airflow/dags/scripts/steam_ingestion_dag.py for tasks to queue
[2026-04-26T23:44:21.653+0000] {logging_mixin.py:188} INFO - [2026-04-26T23:44:21.652+0000] {dagbag.py:545} INFO - Filling up the DagBag from /opt/airflow/dags/scripts/steam_ingestion_dag.py
[2026-04-26T23:44:21.657+0000] {processor.py:840} INFO - DAG(s) 'steam_ingestion_dag' retrieved from /opt/airflow/dags/scripts/steam_ingestion_dag.py
[2026-04-26T23:44:21.672+0000] {logging_mixin.py:188} INFO - [2026-04-26T23:44:21.672+0000] {dag.py:3096} INFO - Sync 1 DAGs
[2026-04-26T23:44:21.688+0000] {logging_mixin.py:188} INFO - [2026-04-26T23:44:21.688+0000] {dag.py:3954} INFO - Setting next_dagrun for steam_ingestion_dag to 2026-04-26 16:00:00+00:00, run_after=2026-04-27 00:00:00+00:00
[2026-04-26T23:44:21.700+0000] {processor.py:183} INFO - Processing /opt/airflow/dags/scripts/steam_ingestion_dag.py took 0.054 seconds
[2026-04-26T23:44:51.757+0000] {processor.py:161} INFO - Started process (PID=247) to work on /opt/airflow/dags/scripts/steam_ingestion_dag.py
[2026-04-26T23:44:51.757+0000] {processor.py:830} INFO - Processing file /opt/airflow/dags/scripts/steam_ingestion_dag.py for tasks to queue
[2026-04-26T23:44:51.759+0000] {logging_mixin.py:188} INFO - [2026-04-26T23:44:51.759+0000] {dagbag.py:545} INFO - Filling up the DagBag from /opt/airflow/dags/scripts/steam_ingestion_dag.py
[2026-04-26T23:44:51.762+0000] {processor.py:840} INFO - DAG(s) 'steam_ingestion_dag' retrieved from /opt/airflow/dags/scripts/steam_ingestion_dag.py
[2026-04-26T23:44:51.774+0000] {logging_mixin.py:188} INFO - [2026-04-26T23:44:51.774+0000] {dag.py:3096} INFO - Sync 1 DAGs
[2026-04-26T23:44:51.788+0000] {logging_mixin.py:188} INFO - [2026-04-26T23:44:51.788+0000] {dag.py:3954} INFO - Setting next_dagrun for steam_ingestion_dag to 2026-04-26 16:00:00+00:00, run_after=2026-04-27 00:00:00+00:00
[2026-04-26T23:44:51.800+0000] {processor.py:183} INFO - Processing /opt/airflow/dags/scripts/steam_ingestion_dag.py took 0.047 seconds
[2026-04-26T23:45:22.620+0000] {processor.py:161} INFO - Started process (PID=306) to work on /opt/airflow/dags/scripts/steam_ingestion_dag.py
[2026-04-26T23:45:22.635+0000] {processor.py:830} INFO - Processing file /opt/airflow/dags/scripts/steam_ingestion_dag.py for tasks to queue
[2026-04-26T23:45:22.636+0000] {logging_mixin.py:188} INFO - [2026-04-26T23:45:22.636+0000] {dagbag.py:545} INFO - Filling up the DagBag from /opt/airflow/dags/scripts/steam_ingestion_dag.py
[2026-04-26T23:45:22.639+0000] {processor.py:840} INFO - DAG(s) 'steam_ingestion_dag' retrieved from /opt/airflow/dags/scripts/steam_ingestion_dag.py
[2026-04-26T23:45:22.651+0000] {logging_mixin.py:188} INFO - [2026-04-26T23:45:22.651+0000] {dag.py:3096} INFO - Sync 1 DAGs
[2026-04-26T23:45:22.665+0000] {logging_mixin.py:188} INFO - [2026-04-26T23:45:22.665+0000] {dag.py:3954} INFO - Setting next_dagrun for steam_ingestion_dag to 2026-04-26 16:00:00+00:00, run_after=2026-04-27 00:00:00+00:00
[2026-04-26T23:45:22.676+0000] {processor.py:183} INFO - Processing /opt/airflow/dags/scripts/steam_ingestion_dag.py took 0.059 seconds
[2026-04-26T23:45:53.494+0000] {processor.py:161} INFO - Started process (PID=365) to work on /opt/airflow/dags/scripts/steam_ingestion_dag.py
[2026-04-26T23:45:53.511+0000] {processor.py:830} INFO - Processing file /opt/airflow/dags/scripts/steam_ingestion_dag.py for tasks to queue
[2026-04-26T23:45:53.512+0000] {logging_mixin.py:188} INFO - [2026-04-26T23:45:53.512+0000] {dagbag.py:545} INFO - Filling up the DagBag from /opt/airflow/dags/scripts/steam_ingestion_dag.py
[2026-04-26T23:45:53.515+0000] {processor.py:840} INFO - DAG(s) 'steam_ingestion_dag' retrieved from /opt/airflow/dags/scripts/steam_ingestion_dag.py
[2026-04-26T23:45:53.526+0000] {logging_mixin.py:188} INFO - [2026-04-26T23:45:53.525+0000] {dag.py:3096} INFO - Sync 1 DAGs
[2026-04-26T23:45:53.537+0000] {logging_mixin.py:188} INFO - [2026-04-26T23:45:53.537+0000] {dag.py:3954} INFO - Setting next_dagrun for steam_ingestion_dag to 2026-04-26 16:00:00+00:00, run_after=2026-04-27 00:00:00+00:00
[2026-04-26T23:45:53.548+0000] {processor.py:183} INFO - Processing /opt/airflow/dags/scripts/steam_ingestion_dag.py took 0.058 seconds
[2026-04-26T23:46:24.316+0000] {processor.py:161} INFO - Started process (PID=424) to work on /opt/airflow/dags/scripts/steam_ingestion_dag.py
[2026-04-26T23:46:24.317+0000] {processor.py:830} INFO - Processing file /opt/airflow/dags/scripts/steam_ingestion_dag.py for tasks to queue
[2026-04-26T23:46:24.318+0000] {logging_mixin.py:188} INFO - [2026-04-26T23:46:24.318+0000] {dagbag.py:545} INFO - Filling up the DagBag from /opt/airflow/dags/scripts/steam_ingestion_dag.py
[2026-04-26T23:46:24.322+0000] {processor.py:840} INFO - DAG(s) 'steam_ingestion_dag' retrieved from /opt/airflow/dags/scripts/steam_ingestion_dag.py
[2026-04-26T23:46:24.335+0000] {logging_mixin.py:188} INFO - [2026-04-26T23:46:24.335+0000] {dag.py:3096} INFO - Sync 1 DAGs
[2026-04-26T23:46:24.350+0000] {logging_mixin.py:188} INFO - [2026-04-26T23:46:24.349+0000] {dag.py:3954} INFO - Setting next_dagrun for steam_ingestion_dag to 2026-04-26 16:00:00+00:00, run_after=2026-04-27 00:00:00+00:00
[2026-04-26T23:46:24.361+0000] {processor.py:183} INFO - Processing /opt/airflow/dags/scripts/steam_ingestion_dag.py took 0.049 seconds
[2026-04-26T23:46:55.075+0000] {processor.py:161} INFO - Started process (PID=483) to work on /opt/airflow/dags/scripts/steam_ingestion_dag.py
[2026-04-26T23:46:55.076+0000] {processor.py:830} INFO - Processing file /opt/airflow/dags/scripts/steam_ingestion_dag.py for tasks to queue
[2026-04-26T23:46:55.077+0000] {logging_mixin.py:188} INFO - [2026-04-26T23:46:55.077+0000] {dagbag.py:545} INFO - Filling up the DagBag from /opt/airflow/dags/scripts/steam_ingestion_dag.py
[2026-04-26T23:46:55.080+0000] {processor.py:840} INFO - DAG(s) 'steam_ingestion_dag' retrieved from /opt/airflow/dags/scripts/steam_ingestion_dag.py
[2026-04-26T23:46:55.092+0000] {logging_mixin.py:188} INFO - [2026-04-26T23:46:55.091+0000] {dag.py:3096} INFO - Sync 1 DAGs
[2026-04-26T23:46:55.104+0000] {logging_mixin.py:188} INFO - [2026-04-26T23:46:55.104+0000] {dag.py:3954} INFO - Setting next_dagrun for steam_ingestion_dag to 2026-04-26 16:00:00+00:00, run_after=2026-04-27 00:00:00+00:00
[2026-04-26T23:46:55.114+0000] {processor.py:183} INFO - Processing /opt/airflow/dags/scripts/steam_ingestion_dag.py took 0.044 seconds
[2026-04-26T23:47:25.146+0000] {processor.py:161} INFO - Started process (PID=542) to work on /opt/airflow/dags/scripts/steam_ingestion_dag.py
[2026-04-26T23:47:25.146+0000] {processor.py:830} INFO - Processing file /opt/airflow/dags/scripts/steam_ingestion_dag.py for tasks to queue
[2026-04-26T23:47:25.147+0000] {logging_mixin.py:188} INFO - [2026-04-26T23:47:25.147+0000] {dagbag.py:545} INFO - Filling up the DagBag from /opt/airflow/dags/scripts/steam_ingestion_dag.py
[2026-04-26T23:47:25.150+0000] {processor.py:840} INFO - DAG(s) 'steam_ingestion_dag' retrieved from /opt/airflow/dags/scripts/steam_ingestion_dag.py
[2026-04-26T23:47:25.161+0000] {logging_mixin.py:188} INFO - [2026-04-26T23:47:25.161+0000] {dag.py:3096} INFO - Sync 1 DAGs
[2026-04-26T23:47:25.173+0000] {logging_mixin.py:188} INFO - [2026-04-26T23:47:25.172+0000] {dag.py:3954} INFO - Setting next_dagrun for steam_ingestion_dag to 2026-04-26 16:00:00+00:00, run_after=2026-04-27 00:00:00+00:00
[2026-04-26T23:47:25.194+0000] {processor.py:183} INFO - Processing /opt/airflow/dags/scripts/steam_ingestion_dag.py took 0.052 seconds
[2026-04-26T23:47:55.234+0000] {processor.py:161} INFO - Started process (PID=601) to work on /opt/airflow/dags/scripts/steam_ingestion_dag.py
[2026-04-26T23:47:55.255+0000] {processor.py:830} INFO - Processing file /opt/airflow/dags/scripts/steam_ingestion_dag.py for tasks to queue
[2026-04-26T23:47:55.257+0000] {logging_mixin.py:188} INFO - [2026-04-26T23:47:55.256+0000] {dagbag.py:545} INFO - Filling up the DagBag from /opt/airflow/dags/scripts/steam_ingestion_dag.py
[2026-04-26T23:47:55.260+0000] {processor.py:840} INFO - DAG(s) 'steam_ingestion_dag' retrieved from /opt/airflow/dags/scripts/steam_ingestion_dag.py
[2026-04-26T23:47:55.274+0000] {logging_mixin.py:188} INFO - [2026-04-26T23:47:55.274+0000] {dag.py:3096} INFO - Sync 1 DAGs
[2026-04-26T23:47:55.289+0000] {logging_mixin.py:188} INFO - [2026-04-26T23:47:55.289+0000] {dag.py:3954} INFO - Setting next_dagrun for steam_ingestion_dag to 2026-04-26 16:00:00+00:00, run_after=2026-04-27 00:00:00+00:00
[2026-04-26T23:47:55.300+0000] {processor.py:183} INFO - Processing /opt/airflow/dags/scripts/steam_ingestion_dag.py took 0.071 seconds
[2026-04-26T23:48:25.488+0000] {processor.py:161} INFO - Started process (PID=660) to work on /opt/airflow/dags/scripts/steam_ingestion_dag.py
[2026-04-26T23:48:25.489+0000] {processor.py:830} INFO - Processing file /opt/airflow/dags/scripts/steam_ingestion_dag.py for tasks to queue
[2026-04-26T23:48:25.490+0000] {logging_mixin.py:188} INFO - [2026-04-26T23:48:25.490+0000] {dagbag.py:545} INFO - Filling up the DagBag from /opt/airflow/dags/scripts/steam_ingestion_dag.py
[2026-04-26T23:48:25.494+0000] {processor.py:840} INFO - DAG(s) 'steam_ingestion_dag' retrieved from /opt/airflow/dags/scripts/steam_ingestion_dag.py
[2026-04-26T23:48:25.509+0000] {logging_mixin.py:188} INFO - [2026-04-26T23:48:25.509+0000] {dag.py:3096} INFO - Sync 1 DAGs
[2026-04-26T23:48:25.524+0000] {logging_mixin.py:188} INFO - [2026-04-26T23:48:25.524+0000] {dag.py:3954} INFO - Setting next_dagrun for steam_ingestion_dag to 2026-04-26 16:00:00+00:00, run_after=2026-04-27 00:00:00+00:00
[2026-04-26T23:48:25.537+0000] {processor.py:183} INFO - Processing /opt/airflow/dags/scripts/steam_ingestion_dag.py took 0.053 seconds
[2026-04-26T23:48:55.561+0000] {processor.py:161} INFO - Started process (PID=719) to work on /opt/airflow/dags/scripts/steam_ingestion_dag.py
[2026-04-26T23:48:55.582+0000] {processor.py:830} INFO - Processing file /opt/airflow/dags/scripts/steam_ingestion_dag.py for tasks to queue
[2026-04-26T23:48:55.583+0000] {logging_mixin.py:188} INFO - [2026-04-26T23:48:55.583+0000] {dagbag.py:545} INFO - Filling up the DagBag from /opt/airflow/dags/scripts/steam_ingestion_dag.py
[2026-04-26T23:48:55.587+0000] {processor.py:840} INFO - DAG(s) 'steam_ingestion_dag' retrieved from /opt/airflow/dags/scripts/steam_ingestion_dag.py
[2026-04-26T23:48:55.597+0000] {logging_mixin.py:188} INFO - [2026-04-26T23:48:55.597+0000] {dag.py:3096} INFO - Sync 1 DAGs
[2026-04-26T23:48:55.608+0000] {logging_mixin.py:188} INFO - [2026-04-26T23:48:55.608+0000] {dag.py:3954} INFO - Setting next_dagrun for steam_ingestion_dag to 2026-04-26 16:00:00+00:00, run_after=2026-04-27 00:00:00+00:00
[2026-04-26T23:48:55.618+0000] {processor.py:183} INFO - Processing /opt/airflow/dags/scripts/steam_ingestion_dag.py took 0.060 seconds
[2026-04-26T23:49:25.762+0000] {processor.py:161} INFO - Started process (PID=778) to work on /opt/airflow/dags/scripts/steam_ingestion_dag.py
[2026-04-26T23:49:25.763+0000] {processor.py:830} INFO - Processing file /opt/airflow/dags/scripts/steam_ingestion_dag.py for tasks to queue
[2026-04-26T23:49:25.764+0000] {logging_mixin.py:188} INFO - [2026-04-26T23:49:25.764+0000] {dagbag.py:545} INFO - Filling up the DagBag from /opt/airflow/dags/scripts/steam_ingestion_dag.py
[2026-04-26T23:49:25.767+0000] {processor.py:840} INFO - DAG(s) 'steam_ingestion_dag' retrieved from /opt/airflow/dags/scripts/steam_ingestion_dag.py
[2026-04-26T23:49:25.780+0000] {logging_mixin.py:188} INFO - [2026-04-26T23:49:25.779+0000] {dag.py:3096} INFO - Sync 1 DAGs
[2026-04-26T23:49:25.793+0000] {logging_mixin.py:188} INFO - [2026-04-26T23:49:25.793+0000] {dag.py:3954} INFO - Setting next_dagrun for steam_ingestion_dag to 2026-04-26 16:00:00+00:00, run_after=2026-04-27 00:00:00+00:00
[2026-04-26T23:49:25.804+0000] {processor.py:183} INFO - Processing /opt/airflow/dags/scripts/steam_ingestion_dag.py took 0.046 seconds
[2026-04-26T23:49:30.342+0000] {processor.py:161} INFO - Started process (PID=818) to work on /opt/airflow/dags/scripts/steam_ingestion_dag.py
[2026-04-26T23:49:30.363+0000] {processor.py:830} INFO - Processing file /opt/airflow/dags/scripts/steam_ingestion_dag.py for tasks to queue
[2026-04-26T23:49:30.364+0000] {logging_mixin.py:188} INFO - [2026-04-26T23:49:30.364+0000] {dagbag.py:545} INFO - Filling up the DagBag from /opt/airflow/dags/scripts/steam_ingestion_dag.py
[2026-04-26T23:49:30.368+0000] {processor.py:840} INFO - DAG(s) 'steam_ingestion_dag' retrieved from /opt/airflow/dags/scripts/steam_ingestion_dag.py
[2026-04-26T23:49:30.429+0000] {logging_mixin.py:188} INFO - [2026-04-26T23:49:30.428+0000] {dag.py:3096} INFO - Sync 1 DAGs
[2026-04-26T23:49:30.440+0000] {logging_mixin.py:188} INFO - [2026-04-26T23:49:30.440+0000] {dag.py:3954} INFO - Setting next_dagrun for steam_ingestion_dag to 2026-04-26 16:00:00+00:00, run_after=2026-04-27 00:00:00+00:00
[2026-04-26T23:49:30.453+0000] {processor.py:183} INFO - Processing /opt/airflow/dags/scripts/steam_ingestion_dag.py took 0.116 seconds
[2026-04-26T23:50:03.327+0000] {processor.py:161} INFO - Started process (PID=64) to work on /opt/airflow/dags/scripts/steam_ingestion_dag.py
[2026-04-26T23:50:03.327+0000] {processor.py:830} INFO - Processing file /opt/airflow/dags/scripts/steam_ingestion_dag.py for tasks to queue
[2026-04-26T23:50:03.328+0000] {logging_mixin.py:188} INFO - [2026-04-26T23:50:03.328+0000] {dagbag.py:545} INFO - Filling up the DagBag from /opt/airflow/dags/scripts/steam_ingestion_dag.py
[2026-04-26T23:50:03.354+0000] {processor.py:840} INFO - DAG(s) 'steam_ingestion_dag' retrieved from /opt/airflow/dags/scripts/steam_ingestion_dag.py
[2026-04-26T23:50:03.556+0000] {logging_mixin.py:188} INFO - [2026-04-26T23:50:03.556+0000] {dag.py:3096} INFO - Sync 1 DAGs
[2026-04-26T23:50:03.566+0000] {logging_mixin.py:188} INFO - [2026-04-26T23:50:03.566+0000] {dag.py:3954} INFO - Setting next_dagrun for steam_ingestion_dag to 2026-04-26 16:00:00+00:00, run_after=2026-04-27 00:00:00+00:00
[2026-04-26T23:50:03.577+0000] {processor.py:183} INFO - Processing /opt/airflow/dags/scripts/steam_ingestion_dag.py took 0.254 seconds
[2026-04-26T23:50:34.400+0000] {processor.py:161} INFO - Started process (PID=129) to work on /opt/airflow/dags/scripts/steam_ingestion_dag.py
[2026-04-26T23:50:34.404+0000] {processor.py:830} INFO - Processing file /opt/airflow/dags/scripts/steam_ingestion_dag.py for tasks to queue
[2026-04-26T23:50:34.405+0000] {logging_mixin.py:188} INFO - [2026-04-26T23:50:34.405+0000] {dagbag.py:545} INFO - Filling up the DagBag from /opt/airflow/dags/scripts/steam_ingestion_dag.py
[2026-04-26T23:50:34.408+0000] {processor.py:840} INFO - DAG(s) 'steam_ingestion_dag' retrieved from /opt/airflow/dags/scripts/steam_ingestion_dag.py
[2026-04-26T23:50:34.419+0000] {logging_mixin.py:188} INFO - [2026-04-26T23:50:34.419+0000] {dag.py:3096} INFO - Sync 1 DAGs
[2026-04-26T23:50:34.431+0000] {logging_mixin.py:188} INFO - [2026-04-26T23:50:34.431+0000] {dag.py:3954} INFO - Setting next_dagrun for steam_ingestion_dag to 2026-04-26 16:00:00+00:00, run_after=2026-04-27 00:00:00+00:00
[2026-04-26T23:50:34.439+0000] {processor.py:183} INFO - Processing /opt/airflow/dags/scripts/steam_ingestion_dag.py took 0.043 seconds
[2026-04-26T23:51:04.728+0000] {processor.py:161} INFO - Started process (PID=188) to work on /opt/airflow/dags/scripts/steam_ingestion_dag.py
[2026-04-26T23:51:04.728+0000] {processor.py:830} INFO - Processing file /opt/airflow/dags/scripts/steam_ingestion_dag.py for tasks to queue
[2026-04-26T23:51:04.729+0000] {logging_mixin.py:188} INFO - [2026-04-26T23:51:04.729+0000] {dagbag.py:545} INFO - Filling up the DagBag from /opt/airflow/dags/scripts/steam_ingestion_dag.py
[2026-04-26T23:51:04.732+0000] {processor.py:840} INFO - DAG(s) 'steam_ingestion_dag' retrieved from /opt/airflow/dags/scripts/steam_ingestion_dag.py
[2026-04-26T23:51:04.742+0000] {logging_mixin.py:188} INFO - [2026-04-26T23:51:04.742+0000] {dag.py:3096} INFO - Sync 1 DAGs
[2026-04-26T23:51:04.753+0000] {logging_mixin.py:188} INFO - [2026-04-26T23:51:04.753+0000] {dag.py:3954} INFO - Setting next_dagrun for steam_ingestion_dag to 2026-04-26 16:00:00+00:00, run_after=2026-04-27 00:00:00+00:00
[2026-04-26T23:51:04.762+0000] {processor.py:183} INFO - Processing /opt/airflow/dags/scripts/steam_ingestion_dag.py took 0.037 seconds
[2026-04-26T23:51:34.831+0000] {processor.py:161} INFO - Started process (PID=247) to work on /opt/airflow/dags/scripts/steam_ingestion_dag.py
[2026-04-26T23:51:34.855+0000] {processor.py:830} INFO - Processing file /opt/airflow/dags/scripts/steam_ingestion_dag.py for tasks to queue
[2026-04-26T23:51:34.856+0000] {logging_mixin.py:188} INFO - [2026-04-26T23:51:34.856+0000] {dagbag.py:545} INFO - Filling up the DagBag from /opt/airflow/dags/scripts/steam_ingestion_dag.py
[2026-04-26T23:51:34.859+0000] {processor.py:840} INFO - DAG(s) 'steam_ingestion_dag' retrieved from /opt/airflow/dags/scripts/steam_ingestion_dag.py
[2026-04-26T23:51:34.871+0000] {logging_mixin.py:188} INFO - [2026-04-26T23:51:34.871+0000] {dag.py:3096} INFO - Sync 1 DAGs
[2026-04-26T23:51:34.884+0000] {logging_mixin.py:188} INFO - [2026-04-26T23:51:34.884+0000] {dag.py:3954} INFO - Setting next_dagrun for steam_ingestion_dag to 2026-04-26 16:00:00+00:00, run_after=2026-04-27 00:00:00+00:00
[2026-04-26T23:51:34.895+0000] {processor.py:183} INFO - Processing /opt/airflow/dags/scripts/steam_ingestion_dag.py took 0.068 seconds
[2026-04-26T23:52:04.946+0000] {processor.py:161} INFO - Started process (PID=306) to work on /opt/airflow/dags/scripts/steam_ingestion_dag.py
[2026-04-26T23:52:04.947+0000] {processor.py:830} INFO - Processing file /opt/airflow/dags/scripts/steam_ingestion_dag.py for tasks to queue
[2026-04-26T23:52:04.948+0000] {logging_mixin.py:188} INFO - [2026-04-26T23:52:04.948+0000] {dagbag.py:545} INFO - Filling up the DagBag from /opt/airflow/dags/scripts/steam_ingestion_dag.py
[2026-04-26T23:52:04.952+0000] {processor.py:840} INFO - DAG(s) 'steam_ingestion_dag' retrieved from /opt/airflow/dags/scripts/steam_ingestion_dag.py
[2026-04-26T23:52:04.967+0000] {logging_mixin.py:188} INFO - [2026-04-26T23:52:04.967+0000] {dag.py:3096} INFO - Sync 1 DAGs
[2026-04-26T23:52:04.985+0000] {logging_mixin.py:188} INFO - [2026-04-26T23:52:04.985+0000] {dag.py:3954} INFO - Setting next_dagrun for steam_ingestion_dag to 2026-04-26 16:00:00+00:00, run_after=2026-04-27 00:00:00+00:00
[2026-04-26T23:52:05.011+0000] {processor.py:183} INFO - Processing /opt/airflow/dags/scripts/steam_ingestion_dag.py took 0.069 seconds
[2026-04-26T23:52:19.086+0000] {processor.py:161} INFO - Started process (PID=359) to work on /opt/airflow/dags/scripts/steam_ingestion_dag.py
[2026-04-26T23:52:19.112+0000] {processor.py:830} INFO - Processing file /opt/airflow/dags/scripts/steam_ingestion_dag.py for tasks to queue
[2026-04-26T23:52:19.113+0000] {logging_mixin.py:188} INFO - [2026-04-26T23:52:19.113+0000] {dagbag.py:545} INFO - Filling up the DagBag from /opt/airflow/dags/scripts/steam_ingestion_dag.py
[2026-04-26T23:52:19.116+0000] {processor.py:840} INFO - DAG(s) 'steam_ingestion_dag' retrieved from /opt/airflow/dags/scripts/steam_ingestion_dag.py
[2026-04-26T23:52:19.172+0000] {logging_mixin.py:188} INFO - [2026-04-26T23:52:19.172+0000] {dag.py:3096} INFO - Sync 1 DAGs
[2026-04-26T23:52:19.182+0000] {logging_mixin.py:188} INFO - [2026-04-26T23:52:19.182+0000] {dag.py:3954} INFO - Setting next_dagrun for steam_ingestion_dag to 2026-04-26 16:00:00+00:00, run_after=2026-04-27 00:00:00+00:00
[2026-04-26T23:52:19.192+0000] {processor.py:183} INFO - Processing /opt/airflow/dags/scripts/steam_ingestion_dag.py took 0.110 seconds
[2026-04-26T23:52:49.948+0000] {processor.py:161} INFO - Started process (PID=418) to work on /opt/airflow/dags/scripts/steam_ingestion_dag.py
[2026-04-26T23:52:49.949+0000] {processor.py:830} INFO - Processing file /opt/airflow/dags/scripts/steam_ingestion_dag.py for tasks to queue
[2026-04-26T23:52:49.951+0000] {logging_mixin.py:188} INFO - [2026-04-26T23:52:49.950+0000] {dagbag.py:545} INFO - Filling up the DagBag from /opt/airflow/dags/scripts/steam_ingestion_dag.py
[2026-04-26T23:52:49.954+0000] {processor.py:840} INFO - DAG(s) 'steam_ingestion_dag' retrieved from /opt/airflow/dags/scripts/steam_ingestion_dag.py
[2026-04-26T23:52:49.967+0000] {logging_mixin.py:188} INFO - [2026-04-26T23:52:49.967+0000] {dag.py:3096} INFO - Sync 1 DAGs
[2026-04-26T23:52:49.982+0000] {logging_mixin.py:188} INFO - [2026-04-26T23:52:49.982+0000] {dag.py:3954} INFO - Setting next_dagrun for steam_ingestion_dag to 2026-04-26 16:00:00+00:00, run_after=2026-04-27 00:00:00+00:00
[2026-04-26T23:52:49.994+0000] {processor.py:183} INFO - Processing /opt/airflow/dags/scripts/steam_ingestion_dag.py took 0.050 seconds
[2026-04-26T23:53:20.244+0000] {processor.py:161} INFO - Started process (PID=477) to work on /opt/airflow/dags/scripts/steam_ingestion_dag.py
[2026-04-26T23:53:20.246+0000] {processor.py:830} INFO - Processing file /opt/airflow/dags/scripts/steam_ingestion_dag.py for tasks to queue
[2026-04-26T23:53:20.248+0000] {logging_mixin.py:188} INFO - [2026-04-26T23:53:20.248+0000] {dagbag.py:545} INFO - Filling up the DagBag from /opt/airflow/dags/scripts/steam_ingestion_dag.py
[2026-04-26T23:53:20.252+0000] {processor.py:840} INFO - DAG(s) 'steam_ingestion_dag' retrieved from /opt/airflow/dags/scripts/steam_ingestion_dag.py
[2026-04-26T23:53:20.265+0000] {logging_mixin.py:188} INFO - [2026-04-26T23:53:20.265+0000] {dag.py:3096} INFO - Sync 1 DAGs
[2026-04-26T23:53:20.280+0000] {logging_mixin.py:188} INFO - [2026-04-26T23:53:20.280+0000] {dag.py:3954} INFO - Setting next_dagrun for steam_ingestion_dag to 2026-04-26 16:00:00+00:00, run_after=2026-04-27 00:00:00+00:00
[2026-04-26T23:53:20.291+0000] {processor.py:183} INFO - Processing /opt/airflow/dags/scripts/steam_ingestion_dag.py took 0.052 seconds
[2026-04-26T23:53:50.513+0000] {processor.py:161} INFO - Started process (PID=536) to work on /opt/airflow/dags/scripts/steam_ingestion_dag.py
[2026-04-26T23:53:50.513+0000] {processor.py:830} INFO - Processing file /opt/airflow/dags/scripts/steam_ingestion_dag.py for tasks to queue
[2026-04-26T23:53:50.515+0000] {logging_mixin.py:188} INFO - [2026-04-26T23:53:50.515+0000] {dagbag.py:545} INFO - Filling up the DagBag from /opt/airflow/dags/scripts/steam_ingestion_dag.py
[2026-04-26T23:53:50.519+0000] {processor.py:840} INFO - DAG(s) 'steam_ingestion_dag' retrieved from /opt/airflow/dags/scripts/steam_ingestion_dag.py
[2026-04-26T23:53:50.532+0000] {logging_mixin.py:188} INFO - [2026-04-26T23:53:50.532+0000] {dag.py:3096} INFO - Sync 1 DAGs
[2026-04-26T23:53:50.548+0000] {logging_mixin.py:188} INFO - [2026-04-26T23:53:50.548+0000] {dag.py:3954} INFO - Setting next_dagrun for steam_ingestion_dag to 2026-04-26 16:00:00+00:00, run_after=2026-04-27 00:00:00+00:00
[2026-04-26T23:53:50.560+0000] {processor.py:183} INFO - Processing /opt/airflow/dags/scripts/steam_ingestion_dag.py took 0.051 seconds
